Archive member included to satisfy reference by file (symbol)

/usr/lib/gcc/arm-none-eabi/10.3.1/thumb/v6-m/nofp/libgcc.a(_dvmd_tls.o)
                              CMakeFiles/entropy.dir/home/stefan/pico/pico-sdk/src/rp2_common/pico_divider/divider_hardware.S.o (__aeabi_idiv0)
/usr/lib/gcc/arm-none-eabi/10.3.1/../../../arm-none-eabi/lib/thumb/v6-m/nofp/libg.a(lib_a-atexit.o)
                              /usr/lib/gcc/arm-none-eabi/10.3.1/../../../arm-none-eabi/lib/thumb/v6-m/nofp/crt0.o (atexit)
/usr/lib/gcc/arm-none-eabi/10.3.1/../../../arm-none-eabi/lib/thumb/v6-m/nofp/libg.a(lib_a-calloc.o)
                              CMakeFiles/entropy.dir/home/stefan/pico/pico-sdk/src/rp2_common/pico_malloc/malloc.c.o (calloc)
/usr/lib/gcc/arm-none-eabi/10.3.1/../../../arm-none-eabi/lib/thumb/v6-m/nofp/libg.a(lib_a-callocr.o)
                              /usr/lib/gcc/arm-none-eabi/10.3.1/../../../arm-none-eabi/lib/thumb/v6-m/nofp/libg.a(lib_a-calloc.o) (_calloc_r)
/usr/lib/gcc/arm-none-eabi/10.3.1/../../../arm-none-eabi/lib/thumb/v6-m/nofp/libg.a(lib_a-fini.o)
                              /usr/lib/gcc/arm-none-eabi/10.3.1/../../../arm-none-eabi/lib/thumb/v6-m/nofp/crt0.o (__libc_fini_array)
/usr/lib/gcc/arm-none-eabi/10.3.1/../../../arm-none-eabi/lib/thumb/v6-m/nofp/libg.a(lib_a-impure.o)
                              /usr/lib/gcc/arm-none-eabi/10.3.1/../../../arm-none-eabi/lib/thumb/v6-m/nofp/libg.a(lib_a-calloc.o) (_impure_ptr)
/usr/lib/gcc/arm-none-eabi/10.3.1/../../../arm-none-eabi/lib/thumb/v6-m/nofp/libg.a(lib_a-init.o)
                              /usr/lib/gcc/arm-none-eabi/10.3.1/../../../arm-none-eabi/lib/thumb/v6-m/nofp/crt0.o (__libc_init_array)
/usr/lib/gcc/arm-none-eabi/10.3.1/../../../arm-none-eabi/lib/thumb/v6-m/nofp/libg.a(lib_a-lcltime_r.o)
                              CMakeFiles/entropy.dir/home/stefan/pico/pico-sdk/src/common/pico_util/datetime.c.o (localtime_r)
/usr/lib/gcc/arm-none-eabi/10.3.1/../../../arm-none-eabi/lib/thumb/v6-m/nofp/libg.a(lib_a-malloc.o)
                              CMakeFiles/entropy.dir/home/stefan/pico/pico-sdk/src/rp2_common/pico_malloc/malloc.c.o (malloc)
/usr/lib/gcc/arm-none-eabi/10.3.1/../../../arm-none-eabi/lib/thumb/v6-m/nofp/libg.a(lib_a-mallocr.o)
                              /usr/lib/gcc/arm-none-eabi/10.3.1/../../../arm-none-eabi/lib/thumb/v6-m/nofp/libg.a(lib_a-callocr.o) (_malloc_r)
/usr/lib/gcc/arm-none-eabi/10.3.1/../../../arm-none-eabi/lib/thumb/v6-m/nofp/libg.a(lib_a-memcmp.o)
                              CMakeFiles/entropy.dir/home/stefan/pico/pico-sdk/src/rp2_common/pico_atomic/atomic.c.o (memcmp)
/usr/lib/gcc/arm-none-eabi/10.3.1/../../../arm-none-eabi/lib/thumb/v6-m/nofp/libg.a(lib_a-mktime.o)
                              CMakeFiles/entropy.dir/home/stefan/pico/pico-sdk/src/common/pico_util/datetime.c.o (mktime)
/usr/lib/gcc/arm-none-eabi/10.3.1/../../../arm-none-eabi/lib/thumb/v6-m/nofp/libg.a(lib_a-mlock.o)
                              /usr/lib/gcc/arm-none-eabi/10.3.1/../../../arm-none-eabi/lib/thumb/v6-m/nofp/libg.a(lib_a-mallocr.o) (__malloc_lock)
/usr/lib/gcc/arm-none-eabi/10.3.1/../../../arm-none-eabi/lib/thumb/v6-m/nofp/libg.a(lib_a-month_lengths.o)
                              /usr/lib/gcc/arm-none-eabi/10.3.1/../../../arm-none-eabi/lib/thumb/v6-m/nofp/libg.a(lib_a-lcltime_r.o) (__month_lengths)
/usr/lib/gcc/arm-none-eabi/10.3.1/../../../arm-none-eabi/lib/thumb/v6-m/nofp/libg.a(lib_a-realloc.o)
                              CMakeFiles/entropy.dir/home/stefan/pico/pico-sdk/src/rp2_common/pico_malloc/malloc.c.o (realloc)
/usr/lib/gcc/arm-none-eabi/10.3.1/../../../arm-none-eabi/lib/thumb/v6-m/nofp/libg.a(lib_a-reallocr.o)
                              /usr/lib/gcc/arm-none-eabi/10.3.1/../../../arm-none-eabi/lib/thumb/v6-m/nofp/libg.a(lib_a-realloc.o) (_realloc_r)
/usr/lib/gcc/arm-none-eabi/10.3.1/../../../arm-none-eabi/lib/thumb/v6-m/nofp/libg.a(lib_a-sbrkr.o)
                              /usr/lib/gcc/arm-none-eabi/10.3.1/../../../arm-none-eabi/lib/thumb/v6-m/nofp/libg.a(lib_a-mallocr.o) (_sbrk_r)
/usr/lib/gcc/arm-none-eabi/10.3.1/../../../arm-none-eabi/lib/thumb/v6-m/nofp/libg.a(lib_a-strlen-stub.o)
                              CMakeFiles/entropy.dir/usb_protocol.c.o (strlen)
/usr/lib/gcc/arm-none-eabi/10.3.1/../../../arm-none-eabi/lib/thumb/v6-m/nofp/libg.a(lib_a-tzcalc_limits.o)
                              /usr/lib/gcc/arm-none-eabi/10.3.1/../../../arm-none-eabi/lib/thumb/v6-m/nofp/libg.a(lib_a-lcltime_r.o) (__tzcalc_limits)
/usr/lib/gcc/arm-none-eabi/10.3.1/../../../arm-none-eabi/lib/thumb/v6-m/nofp/libg.a(lib_a-tzlock.o)
                              /usr/lib/gcc/arm-none-eabi/10.3.1/../../../arm-none-eabi/lib/thumb/v6-m/nofp/libg.a(lib_a-lcltime_r.o) (__tz_lock)
/usr/lib/gcc/arm-none-eabi/10.3.1/../../../arm-none-eabi/lib/thumb/v6-m/nofp/libg.a(lib_a-tzset.o)
                              /usr/lib/gcc/arm-none-eabi/10.3.1/../../../arm-none-eabi/lib/thumb/v6-m/nofp/libg.a(lib_a-lcltime_r.o) (_tzset_unlocked)
[...]
Memory Configuration

Name             Origin             Length             Attributes
FLASH            0x0000000010000000 0x0000000000200000 xr
RAM              0x0000000020000000 0x0000000000040000 xrw
SCRATCH_X        0x0000000020040000 0x0000000000001000 xrw
SCRATCH_Y        0x0000000020041000 0x0000000000001000 xrw
*default*        0x0000000000000000 0xffffffffffffffff

Linker script and memory map

LOAD /usr/lib/gcc/arm-none-eabi/10.3.1/thumb/v6-m/nofp/crti.o
LOAD /usr/lib/gcc/arm-none-eabi/10.3.1/thumb/v6-m/nofp/crtbegin.o
LOAD /usr/lib/gcc/arm-none-eabi/10.3.1/../../../arm-none-eabi/lib/thumb/v6-m/nofp/crt0.o

.flash_begin    0x0000000010000000        0x0
                0x0000000010000000                __flash_binary_start = .

.boot2          0x0000000010000000      0x100
                0x0000000010000000                __boot2_start__ = .
 *(.boot2)
 .boot2         0x0000000010000000      0x100 pico-sdk/src/rp2040/boot_stage2/CMakeFiles/bs2_default_library.dir/bs2_default_padded_checksummed.S.o
                0x0000000010000100                __boot2_end__ = .
                0x0000000000000001                ASSERT (((__boot2_end__ - __boot2_start__) == 0x100), ERROR: Pico second stage bootloader must be 256 bytes in size)

.text           0x0000000010000100     0x4060
                0x0000000010000100                __logical_binary_start = .
 *(.vectors)
 .vectors       0x0000000010000100       0xd4 CMakeFiles/entropy.dir/home/stefan/pico/pico-sdk/src/rp2_common/pico_crt0/crt0.S.o
                0x0000000010000100                __vectors
                0x0000000010000100                __VECTOR_TABLE
                0x00000000100001c0                isr_invalid
                0x00000000100001c0                __default_isrs_start
                0x00000000100001c2                isr_nmi
                0x00000000100001c4                isr_hardfault
                0x00000000100001c6                isr_svcall
                0x00000000100001c8                isr_pendsv
                0x00000000100001ca                isr_systick
                0x00000000100001cc                isr_irq30
                0x00000000100001cc                __unhandled_user_irq
                0x00000000100001cc                isr_irq13
                0x00000000100001cc                isr_irq27
                0x00000000100001cc                isr_irq31
                0x00000000100001cc                isr_irq11
                0x00000000100001cc                isr_irq23
                0x00000000100001cc                isr_irq18
                0x00000000100001cc                isr_irq28
                0x00000000100001cc                isr_irq19
                0x00000000100001cc                isr_irq0
                0x00000000100001cc                isr_irq6
                0x00000000100001cc                isr_irq22
                0x00000000100001cc                isr_irq17
                0x00000000100001cc                isr_irq14
                0x00000000100001cc                isr_irq2
                0x00000000100001cc                isr_irq10
                0x00000000100001cc                isr_irq8
                0x00000000100001cc                isr_irq24
                0x00000000100001cc                isr_irq1
                0x00000000100001cc                isr_irq7
                0x00000000100001cc                isr_irq21
                0x00000000100001cc                isr_irq20
                0x00000000100001cc                isr_irq15
                0x00000000100001cc                isr_irq25
                0x00000000100001cc                isr_irq4
                0x00000000100001cc                isr_irq16
                0x00000000100001cc                isr_irq29
                0x00000000100001cc                isr_irq26
                0x00000000100001cc                __default_isrs_end
                0x00000000100001cc                isr_irq3
                0x00000000100001cc                isr_irq12
                0x00000000100001cc                isr_irq9
                0x00000000100001d2                unhandled_user_irq_num_in_r0
 *(.binary_info_header)
 .binary_info_header
                0x00000000100001d4       0x14 CMakeFiles/entropy.dir/home/stefan/pico/pico-sdk/src/rp2_common/pico_crt0/crt0.S.o
                0x00000000100001e8                __binary_info_header_end = .
 *(.embedded_block)
                0x00000000100001e8                __embedded_block_end = .
 *(.reset)
 .reset         0x00000000100001e8       0x9c CMakeFiles/entropy.dir/home/stefan/pico/pico-sdk/src/rp2_common/pico_crt0/crt0.S.o
                0x00000000100001e8                _entry_point
 *(.init)
 .init          0x0000000010000284        0x4 /usr/lib/gcc/arm-none-eabi/10.3.1/thumb/v6-m/nofp/crti.o
                0x0000000010000284                _init
 *(EXCLUDE_FILE(*libm.a: *libc.a:*lib_a-mem*.o *libgcc.a:) .text*)
 .text          0x0000000010000288       0x98 /usr/lib/gcc/arm-none-eabi/10.3.1/thumb/v6-m/nofp/crtbegin.o
 .text.readValues
                0x0000000010000320       0x30 CMakeFiles/entropy.dir/dev_lowlevel.c.o
                0x0000000010000320                readValues
 .text.setup_PWM
                0x0000000010000350       0xe4 CMakeFiles/entropy.dir/dev_lowlevel.c.o
                0x0000000010000350                setup_PWM
 .text.setup    0x0000000010000434       0x80 CMakeFiles/entropy.dir/dev_lowlevel.c.o
                0x0000000010000434                setup
 .text.main     0x00000000100004b4       0x7c CMakeFiles/entropy.dir/dev_lowlevel.c.o
                0x00000000100004b4                main
 .text.usb_handle_ep_buff_done
                0x0000000010000530       0x12 CMakeFiles/entropy.dir/usb_protocol.c.o
 *fill*         0x0000000010000542        0x2 
 .text.usb_handle_buff_done
                0x0000000010000544       0x54 CMakeFiles/entropy.dir/usb_protocol.c.o
 .text.usb_handle_buff_status
                0x0000000010000598       0x40 CMakeFiles/entropy.dir/usb_protocol.c.o
 .text.ep0_out_handler
                0x00000000100005d8        0x2 CMakeFiles/entropy.dir/usb_protocol.c.o
                0x00000000100005d8                ep0_out_handler
 *fill*         0x00000000100005da        0x2 
 .text.usb_get_endpoint_configuration
                0x00000000100005dc       0x2c CMakeFiles/entropy.dir/usb_protocol.c.o
                0x00000000100005dc                usb_get_endpoint_configuration
 .text.usb_prepare_string_descriptor
                0x0000000010000608       0x30 CMakeFiles/entropy.dir/usb_protocol.c.o
                0x0000000010000608                usb_prepare_string_descriptor
 .text.usb_setup_endpoint
                0x0000000010000638       0x24 CMakeFiles/entropy.dir/usb_protocol.c.o
                0x0000000010000638                usb_setup_endpoint
 .text.usb_setup_endpoints
                0x000000001000065c       0x30 CMakeFiles/entropy.dir/usb_protocol.c.o
                0x000000001000065c                usb_setup_endpoints
 .text.usb_device_init
                0x000000001000068c       0x74 CMakeFiles/entropy.dir/usb_protocol.c.o
                0x000000001000068c                usb_device_init
 .text.usb_start_transfer
                0x0000000010000700       0x64 CMakeFiles/entropy.dir/usb_protocol.c.o
                0x0000000010000700                usb_start_transfer
 .text.ep0_in_handler
                0x0000000010000764       0x38 CMakeFiles/entropy.dir/usb_protocol.c.o
                0x0000000010000764                ep0_in_handler
 .text.ep1_out_handler
                0x000000001000079c       0x16 CMakeFiles/entropy.dir/usb_protocol.c.o
                0x000000001000079c                ep1_out_handler
 .text.ep2_in_handler
                0x00000000100007b2       0x12 CMakeFiles/entropy.dir/usb_protocol.c.o
                0x00000000100007b2                ep2_in_handler
 .text.usb_handle_device_descriptor
                0x00000000100007c4       0x38 CMakeFiles/entropy.dir/usb_protocol.c.o
                0x00000000100007c4                usb_handle_device_descriptor
 .text.usb_handle_config_descriptor
                0x00000000100007fc       0x98 CMakeFiles/entropy.dir/usb_protocol.c.o
                0x00000000100007fc                usb_handle_config_descriptor
 .text.usb_bus_reset
                0x0000000010000894       0x24 CMakeFiles/entropy.dir/usb_protocol.c.o
                0x0000000010000894                usb_bus_reset
 .text.usb_handle_string_descriptor
                0x00000000100008b8       0x60 CMakeFiles/entropy.dir/usb_protocol.c.o
                0x00000000100008b8                usb_handle_string_descriptor
 .text.usb_acknowledge_out_request
                0x0000000010000918       0x12 CMakeFiles/entropy.dir/usb_protocol.c.o
                0x0000000010000918                usb_acknowledge_out_request
 *fill*         0x000000001000092a        0x2 
 .text.usb_set_device_address
                0x000000001000092c       0x20 CMakeFiles/entropy.dir/usb_protocol.c.o
                0x000000001000092c                usb_set_device_address
 .text.usb_set_device_configuration
                0x000000001000094c       0x14 CMakeFiles/entropy.dir/usb_protocol.c.o
                0x000000001000094c                usb_set_device_configuration
 .text.usb_handle_setup_packet
                0x0000000010000960       0x70 CMakeFiles/entropy.dir/usb_protocol.c.o
                0x0000000010000960                usb_handle_setup_packet
 .text.isr_irq5
                0x00000000100009d0       0x68 CMakeFiles/entropy.dir/usb_protocol.c.o
                0x00000000100009d0                isr_irq5
 .text.enqueue  0x0000000010000a38       0x7c CMakeFiles/entropy.dir/queue.c.o
                0x0000000010000a38                enqueue
 .text.dequeue  0x0000000010000ab4       0xb0 CMakeFiles/entropy.dir/queue.c.o
                0x0000000010000ab4                dequeue
 .text.gpio_set_function
                0x0000000010000b64       0x34 CMakeFiles/entropy.dir/home/stefan/pico/pico-sdk/src/rp2_common/hardware_gpio/gpio.c.o
                0x0000000010000b64                gpio_set_function
 .text.gpio_set_pulls
                0x0000000010000b98       0x38 CMakeFiles/entropy.dir/home/stefan/pico/pico-sdk/src/rp2_common/hardware_gpio/gpio.c.o
                0x0000000010000b98                gpio_set_pulls
 .text.gpio_set_input_enabled
                0x0000000010000bd0       0x28 CMakeFiles/entropy.dir/home/stefan/pico/pico-sdk/src/rp2_common/hardware_gpio/gpio.c.o
                0x0000000010000bd0                gpio_set_input_enabled
 .text.gpio_init
                0x0000000010000bf8       0x16 CMakeFiles/entropy.dir/home/stefan/pico/pico-sdk/src/rp2_common/hardware_gpio/gpio.c.o
                0x0000000010000bf8                gpio_init
 *fill*         0x0000000010000c0e        0x2 
 .text.panic    0x0000000010000c10       0x30 CMakeFiles/entropy.dir/home/stefan/pico/pico-sdk/src/rp2_common/pico_platform_panic/panic.c.o
                0x0000000010000c10                panic
 .text.hw_claim_lock
                0x0000000010000c40       0x18 CMakeFiles/entropy.dir/home/stefan/pico/pico-sdk/src/common/hardware_claim/claim.c.o
                0x0000000010000c40                hw_claim_lock
 .text.hw_claim_unlock
                0x0000000010000c58       0x14 CMakeFiles/entropy.dir/home/stefan/pico/pico-sdk/src/common/hardware_claim/claim.c.o
                0x0000000010000c58                hw_claim_unlock
 .text.hw_claim_or_assert
                0x0000000010000c6c       0x32 CMakeFiles/entropy.dir/home/stefan/pico/pico-sdk/src/common/hardware_claim/claim.c.o
                0x0000000010000c6c                hw_claim_or_assert
 *fill*         0x0000000010000c9e        0x2 
 .text.next_striped_spin_lock_num
                0x0000000010000ca0       0x1c CMakeFiles/entropy.dir/home/stefan/pico/pico-sdk/src/rp2_common/hardware_sync/sync.c.o
                0x0000000010000ca0                next_striped_spin_lock_num
 .text.spin_locks_reset
                0x0000000010000cbc       0x20 CMakeFiles/entropy.dir/home/stefan/pico/pico-sdk/src/rp2_common/hardware_sync_spin_lock/sync_spin_lock.c.o
                0x0000000010000cbc                spin_locks_reset
 .text.set_raw_irq_handler_and_unlock
                0x0000000010000cdc       0x28 CMakeFiles/entropy.dir/home/stefan/pico/pico-sdk/src/rp2_common/hardware_irq/irq.c.o
 .text.nvic_ipr0
                0x0000000010000d04        0x8 CMakeFiles/entropy.dir/home/stefan/pico/pico-sdk/src/rp2_common/hardware_irq/irq.c.o
 .text.runtime_init_per_core_irq_priorities
                0x0000000010000d0c       0x1c CMakeFiles/entropy.dir/home/stefan/pico/pico-sdk/src/rp2_common/hardware_irq/irq.c.o
                0x0000000010000d0c                runtime_init_per_core_irq_priorities
 .text.make_j_16
                0x0000000010000d28       0x4c CMakeFiles/entropy.dir/home/stefan/pico/pico-sdk/src/rp2_common/hardware_irq/irq.c.o
 .text.insert_bl_32
                0x0000000010000d74       0x40 CMakeFiles/entropy.dir/home/stefan/pico/pico-sdk/src/rp2_common/hardware_irq/irq.c.o
 .text.irq_is_enabled
                0x0000000010000db4       0x18 CMakeFiles/entropy.dir/home/stefan/pico/pico-sdk/src/rp2_common/hardware_irq/irq.c.o
                0x0000000010000db4                irq_is_enabled
 .text.irq_set_mask_n_enabled
                0x0000000010000dcc       0x1c CMakeFiles/entropy.dir/home/stefan/pico/pico-sdk/src/rp2_common/hardware_irq/irq.c.o
                0x0000000010000dcc                irq_set_mask_n_enabled
 .text.irq_set_enabled
                0x0000000010000de8       0x14 CMakeFiles/entropy.dir/home/stefan/pico/pico-sdk/src/rp2_common/hardware_irq/irq.c.o
                0x0000000010000de8                irq_set_enabled
 .text.irq_get_vtable_handler
                0x0000000010000dfc       0x10 CMakeFiles/entropy.dir/home/stefan/pico/pico-sdk/src/rp2_common/hardware_irq/irq.c.o
                0x0000000010000dfc                irq_get_vtable_handler
 .text.irq_set_exclusive_handler
                0x0000000010000e0c       0x54 CMakeFiles/entropy.dir/home/stefan/pico/pico-sdk/src/rp2_common/hardware_irq/irq.c.o
                0x0000000010000e0c                irq_set_exclusive_handler
 .text.irq_remove_handler
                0x0000000010000e60      0x1b0 CMakeFiles/entropy.dir/home/stefan/pico/pico-sdk/src/rp2_common/hardware_irq/irq.c.o
                0x0000000010000e60                irq_remove_handler
 .text.irq_add_tail_to_free_list
                0x0000000010001010       0xf4 CMakeFiles/entropy.dir/home/stefan/pico/pico-sdk/src/rp2_common/hardware_irq/irq.c.o
                0x0000000010001010                irq_add_tail_to_free_list
 .text.lock_init
                0x0000000010001104       0x10 CMakeFiles/entropy.dir/home/stefan/pico/pico-sdk/src/common/pico_sync/lock_core.c.o
                0x0000000010001104                lock_init
 .text.mutex_init
                0x0000000010001114       0x1a CMakeFiles/entropy.dir/home/stefan/pico/pico-sdk/src/common/pico_sync/mutex.c.o
                0x0000000010001114                mutex_init
 .text.recursive_mutex_init
                0x000000001000112e       0x1e CMakeFiles/entropy.dir/home/stefan/pico/pico-sdk/src/common/pico_sync/mutex.c.o
                0x000000001000112e                recursive_mutex_init
 .text.runtime_init_mutex
                0x000000001000114c       0x4c CMakeFiles/entropy.dir/home/stefan/pico/pico-sdk/src/common/pico_sync/mutex.c.o
                0x000000001000114c                runtime_init_mutex
 .text.make_alarm_id
                0x0000000010001198        0x6 CMakeFiles/entropy.dir/home/stefan/pico/pico-sdk/src/common/pico_time/time.c.o
 *fill*         0x000000001000119e        0x2 
 .text.sleep_until_callback
                0x00000000100011a0       0x30 CMakeFiles/entropy.dir/home/stefan/pico/pico-sdk/src/common/pico_time/time.c.o
 .text.alarm_pool_irq_handler
                0x00000000100011d0      0x2f0 CMakeFiles/entropy.dir/home/stefan/pico/pico-sdk/src/common/pico_time/time.c.o
 .text.alarm_pool_post_alloc_init
                0x00000000100014c0       0x94 CMakeFiles/entropy.dir/home/stefan/pico/pico-sdk/src/common/pico_time/time.c.o
 .text.alarm_pool_get_default
                0x0000000010001554       0x2c CMakeFiles/entropy.dir/home/stefan/pico/pico-sdk/src/common/pico_time/time.c.o
                0x0000000010001554                alarm_pool_get_default
 .text.alarm_pool_add_alarm_at_force_in_context
                0x0000000010001580       0xb0 CMakeFiles/entropy.dir/home/stefan/pico/pico-sdk/src/common/pico_time/time.c.o
                0x0000000010001580                alarm_pool_add_alarm_at_force_in_context
 .text.alarm_pool_add_alarm_at
                0x0000000010001630       0x3c CMakeFiles/entropy.dir/home/stefan/pico/pico-sdk/src/common/pico_time/time.c.o
                0x0000000010001630                alarm_pool_add_alarm_at
 .text.alarm_pool_cancel_alarm
                0x000000001000166c       0x78 CMakeFiles/entropy.dir/home/stefan/pico/pico-sdk/src/common/pico_time/time.c.o
                0x000000001000166c                alarm_pool_cancel_alarm
 .text.sleep_until
                0x00000000100016e4       0xc8 CMakeFiles/entropy.dir/home/stefan/pico/pico-sdk/src/common/pico_time/time.c.o
                0x00000000100016e4                sleep_until
 .text.sleep_us
                0x00000000100017ac       0x24 CMakeFiles/entropy.dir/home/stefan/pico/pico-sdk/src/common/pico_time/time.c.o
                0x00000000100017ac                sleep_us
 .text.sleep_ms
                0x00000000100017d0       0x14 CMakeFiles/entropy.dir/home/stefan/pico/pico-sdk/src/common/pico_time/time.c.o
                0x00000000100017d0                sleep_ms
 .text.best_effort_wfe_or_timeout
                0x00000000100017e4      0x114 CMakeFiles/entropy.dir/home/stefan/pico/pico-sdk/src/common/pico_time/time.c.o
                0x00000000100017e4                best_effort_wfe_or_timeout
 .text.alarm_pool_get_default_timer
                0x00000000100018f8        0x8 CMakeFiles/entropy.dir/home/stefan/pico/pico-sdk/src/common/pico_time/time.c.o
                0x00000000100018f8                alarm_pool_get_default_timer
 .text.runtime_init_default_alarm_pool
                0x0000000010001900       0x38 CMakeFiles/entropy.dir/home/stefan/pico/pico-sdk/src/common/pico_time/time.c.o
                0x0000000010001900                runtime_init_default_alarm_pool
 .text.timer_hardware_alarm_claim
                0x0000000010001938       0x14 CMakeFiles/entropy.dir/home/stefan/pico/pico-sdk/src/rp2_common/hardware_timer/timer.c.o
                0x0000000010001938                timer_hardware_alarm_claim
 .text.timer_time_us_64
                0x000000001000194c       0x10 CMakeFiles/entropy.dir/home/stefan/pico/pico-sdk/src/rp2_common/hardware_timer/timer.c.o
                0x000000001000194c                timer_time_us_64
 .text.timer_busy_wait_until
                0x000000001000195c       0x1a CMakeFiles/entropy.dir/home/stefan/pico/pico-sdk/src/rp2_common/hardware_timer/timer.c.o
                0x000000001000195c                timer_busy_wait_until
 .text.timer_busy_wait_us
                0x0000000010001976       0x38 CMakeFiles/entropy.dir/home/stefan/pico/pico-sdk/src/rp2_common/hardware_timer/timer.c.o
                0x0000000010001976                timer_busy_wait_us
 *fill*         0x00000000100019ae        0x2 
 .text.time_us_64
                0x00000000100019b0       0x10 CMakeFiles/entropy.dir/home/stefan/pico/pico-sdk/src/rp2_common/hardware_timer/timer.c.o
                0x00000000100019b0                time_us_64
 .text.busy_wait_us
                0x00000000100019c0       0x14 CMakeFiles/entropy.dir/home/stefan/pico/pico-sdk/src/rp2_common/hardware_timer/timer.c.o
                0x00000000100019c0                busy_wait_us
 .text.busy_wait_until
                0x00000000100019d4       0x14 CMakeFiles/entropy.dir/home/stefan/pico/pico-sdk/src/rp2_common/hardware_timer/timer.c.o
                0x00000000100019d4                busy_wait_until
 .text.uart_disable_before_lcr_write
                0x00000000100019e8       0x48 CMakeFiles/entropy.dir/home/stefan/pico/pico-sdk/src/rp2_common/hardware_uart/uart.c.o
 .text.uart_write_lcr_bits_masked
                0x0000000010001a30       0x20 CMakeFiles/entropy.dir/home/stefan/pico/pico-sdk/src/rp2_common/hardware_uart/uart.c.o
 .text.uart_set_baudrate
                0x0000000010001a50       0x5c CMakeFiles/entropy.dir/home/stefan/pico/pico-sdk/src/rp2_common/hardware_uart/uart.c.o
                0x0000000010001a50                uart_set_baudrate
 .text.uart_set_translate_crlf
                0x0000000010001aac       0x28 CMakeFiles/entropy.dir/home/stefan/pico/pico-sdk/src/rp2_common/hardware_uart/uart.c.o
                0x0000000010001aac                uart_set_translate_crlf
 .text.uart_init
                0x0000000010001ad4       0x84 CMakeFiles/entropy.dir/home/stefan/pico/pico-sdk/src/rp2_common/hardware_uart/uart.c.o
                0x0000000010001ad4                uart_init
 .text.clock_configure_internal
                0x0000000010001b58       0xc4 CMakeFiles/entropy.dir/home/stefan/pico/pico-sdk/src/rp2_common/hardware_clocks/clocks.c.o
 .text.clock_configure_int_divider
                0x0000000010001c1c       0x28 CMakeFiles/entropy.dir/home/stefan/pico/pico-sdk/src/rp2_common/hardware_clocks/clocks.c.o
                0x0000000010001c1c                clock_configure_int_divider
 .text.clock_configure_undivided
                0x0000000010001c44       0x12 CMakeFiles/entropy.dir/home/stefan/pico/pico-sdk/src/rp2_common/hardware_clocks/clocks.c.o
                0x0000000010001c44                clock_configure_undivided
 *fill*         0x0000000010001c56        0x2 
 .text.clock_get_hz
                0x0000000010001c58        0xc CMakeFiles/entropy.dir/home/stefan/pico/pico-sdk/src/rp2_common/hardware_clocks/clocks.c.o
                0x0000000010001c58                clock_get_hz
 .text.pll_init
                0x0000000010001c64      0x120 CMakeFiles/entropy.dir/home/stefan/pico/pico-sdk/src/rp2_common/hardware_pll/pll.c.o
                0x0000000010001c64                pll_init
 .text.tick_start
                0x0000000010001d84       0x10 CMakeFiles/entropy.dir/home/stefan/pico/pico-sdk/src/rp2_common/hardware_ticks/ticks.c.o
                0x0000000010001d84                tick_start
 .text.rom_func_lookup
                0x0000000010001d94       0x10 CMakeFiles/entropy.dir/home/stefan/pico/pico-sdk/src/rp2_common/pico_bootrom/bootrom.c.o
                0x0000000010001d94                rom_func_lookup
 .text.rom_data_lookup
                0x0000000010001da4       0x10 CMakeFiles/entropy.dir/home/stefan/pico/pico-sdk/src/rp2_common/pico_bootrom/bootrom.c.o
                0x0000000010001da4                rom_data_lookup
 .text.rom_funcs_lookup
                0x0000000010001db4       0x36 CMakeFiles/entropy.dir/home/stefan/pico/pico-sdk/src/rp2_common/pico_bootrom/bootrom.c.o
                0x0000000010001db4                rom_funcs_lookup
 *fill*         0x0000000010001dea        0x2 
 .text.xosc_init
                0x0000000010001dec       0x28 CMakeFiles/entropy.dir/home/stefan/pico/pico-sdk/src/rp2_common/hardware_xosc/xosc.c.o
                0x0000000010001dec                xosc_init
 .text.runtime_run_initializers_from
                0x0000000010001e14       0x18 CMakeFiles/entropy.dir/home/stefan/pico/pico-sdk/src/rp2_common/pico_runtime/runtime.c.o
 .text.first_per_core_initializer
                0x0000000010001e2c        0x2 CMakeFiles/entropy.dir/home/stefan/pico/pico-sdk/src/rp2_common/pico_runtime/runtime.c.o
 *fill*         0x0000000010001e2e        0x2 
 .text.runtime_run_initializers
                0x0000000010001e30       0x10 CMakeFiles/entropy.dir/home/stefan/pico/pico-sdk/src/rp2_common/pico_runtime/runtime.c.o
                0x0000000010001e30                runtime_run_initializers
 .text.runtime_run_per_core_initializers
                0x0000000010001e40       0x10 CMakeFiles/entropy.dir/home/stefan/pico/pico-sdk/src/rp2_common/pico_runtime/runtime.c.o
                0x0000000010001e40                runtime_run_per_core_initializers
 .text.runtime_init_early_resets
                0x0000000010001e50       0x2c CMakeFiles/entropy.dir/home/stefan/pico/pico-sdk/src/rp2_common/pico_runtime_init/runtime_init.c.o
                0x0000000010001e50                runtime_init_early_resets
 .text.runtime_init_usb_power_down
                0x0000000010001e7c       0x1c CMakeFiles/entropy.dir/home/stefan/pico/pico-sdk/src/rp2_common/pico_runtime_init/runtime_init.c.o
                0x0000000010001e7c                runtime_init_usb_power_down
 .text.runtime_init_post_clock_resets
                0x0000000010001e98       0x20 CMakeFiles/entropy.dir/home/stefan/pico/pico-sdk/src/rp2_common/pico_runtime_init/runtime_init.c.o
                0x0000000010001e98                runtime_init_post_clock_resets
 .text.runtime_init_rp2040_gpio_ie_disable
                0x0000000010001eb8       0x14 CMakeFiles/entropy.dir/home/stefan/pico/pico-sdk/src/rp2_common/pico_runtime_init/runtime_init.c.o
                0x0000000010001eb8                runtime_init_rp2040_gpio_ie_disable
 .text.runtime_init_spin_locks_reset
                0x0000000010001ecc        0x8 CMakeFiles/entropy.dir/home/stefan/pico/pico-sdk/src/rp2_common/pico_runtime_init/runtime_init.c.o
                0x0000000010001ecc                runtime_init_spin_locks_reset
 .text.runtime_init_install_ram_vector_table
                0x0000000010001ed4       0x1c CMakeFiles/entropy.dir/home/stefan/pico/pico-sdk/src/rp2_common/pico_runtime_init/runtime_init.c.o
                0x0000000010001ed4                runtime_init_install_ram_vector_table
 .text.start_all_ticks
                0x0000000010001ef0       0x28 CMakeFiles/entropy.dir/home/stefan/pico/pico-sdk/src/rp2_common/pico_runtime_init/runtime_init_clocks.c.o
 .text.runtime_init_clocks
                0x0000000010001f18       0xcc CMakeFiles/entropy.dir/home/stefan/pico/pico-sdk/src/rp2_common/pico_runtime_init/runtime_init_clocks.c.o
                0x0000000010001f18                runtime_init_clocks
 .text          0x0000000010001fe4       0x10 CMakeFiles/entropy.dir/home/stefan/pico/pico-sdk/src/rp2_common/pico_bit_ops/bit_ops_aeabi.S.o
 .text.__wrap___aeabi_idiv
                0x0000000010001ff4       0x50 CMakeFiles/entropy.dir/home/stefan/pico/pico-sdk/src/rp2_common/pico_divider/divider_hardware.S.o
                0x0000000010001ff4                __wrap___aeabi_idivmod
                0x0000000010001ff4                divmod_s32s32
                0x0000000010001ff4                div_s32s32
                0x0000000010001ff4                __wrap___aeabi_idiv
                0x0000000010001ffc                divmod_s32s32_unsafe
                0x0000000010002028                divmod_s32s32_savestate
 .text.__wrap___aeabi_uidiv
                0x0000000010002044       0x4c CMakeFiles/entropy.dir/home/stefan/pico/pico-sdk/src/rp2_common/pico_divider/divider_hardware.S.o
                0x0000000010002044                __wrap___aeabi_uidiv
                0x0000000010002044                __wrap___aeabi_uidivmod
                0x0000000010002044                div_u32u32
                0x0000000010002044                divmod_u32u32
                0x000000001000204c                divmod_u32u32_unsafe
                0x0000000010002074                divmod_u32u32_savestate
 .text.__wrap___aeabi_ldiv
                0x0000000010002090      0x424 CMakeFiles/entropy.dir/home/stefan/pico/pico-sdk/src/rp2_common/pico_divider/divider_hardware.S.o
                0x0000000010002090                div_s64s64
                0x0000000010002090                divmod_s64s64
                0x0000000010002090                __wrap___aeabi_ldivmod
                0x00000000100020c0                div_u64u64
                0x00000000100020c0                divmod_u64u64
                0x00000000100020c0                __wrap___aeabi_uldivmod
                0x00000000100020d0                divmod_u64u64_savestate
                0x00000000100020f0                divmod_s64s64_unsafe
                0x0000000010002178                divmod_u64u64_unsafe
 .text.__wrap___aeabi_darithmetic
                0x00000000100024b4       0x60 CMakeFiles/entropy.dir/home/stefan/pico/pico-sdk/src/rp2_common/pico_double/double_aeabi_rp2040.S.o
                0x00000000100024b4                __wrap___aeabi_drsub
                0x00000000100024ba                __wrap___aeabi_dsub
                0x00000000100024c4                __wrap___aeabi_dadd
                0x00000000100024ce                __wrap___aeabi_ddiv
                0x0000000010002502                __wrap___aeabi_dmul
 .text.__wrap___aeabi_cdcmple
                0x0000000010002514       0x6c CMakeFiles/entropy.dir/home/stefan/pico/pico-sdk/src/rp2_common/pico_double/double_aeabi_rp2040.S.o
                0x0000000010002514                __wrap___aeabi_cdrcmple
                0x0000000010002524                __wrap___aeabi_cdcmple
                0x0000000010002524                __wrap___aeabi_cdcmpeq
 .text.__wrap___aeabi_dcmplt
                0x0000000010002580        0xc CMakeFiles/entropy.dir/home/stefan/pico/pico-sdk/src/rp2_common/pico_double/double_aeabi_rp2040.S.o
                0x0000000010002580                __wrap___aeabi_dcmplt
 .text.__wrap___aeabi_dcmple
                0x000000001000258c       0x10 CMakeFiles/entropy.dir/home/stefan/pico/pico-sdk/src/rp2_common/pico_double/double_aeabi_rp2040.S.o
                0x000000001000258c                __wrap___aeabi_dcmple
 .text.__wrap___aeabi_dcmpge
                0x000000001000259c       0x10 CMakeFiles/entropy.dir/home/stefan/pico/pico-sdk/src/rp2_common/pico_double/double_aeabi_rp2040.S.o
                0x000000001000259c                __wrap___aeabi_dcmpge
 .text.__wrap___aeabi_dcmpgt
                0x00000000100025ac        0xa CMakeFiles/entropy.dir/home/stefan/pico/pico-sdk/src/rp2_common/pico_double/double_aeabi_rp2040.S.o
                0x00000000100025ac                __wrap___aeabi_dcmpgt
 .text.__wrap___aeabi_dcmpun
                0x00000000100025b6       0x18 CMakeFiles/entropy.dir/home/stefan/pico/pico-sdk/src/rp2_common/pico_double/double_aeabi_rp2040.S.o
                0x00000000100025b6                __wrap___aeabi_dcmpun
 *fill*         0x00000000100025ce        0x2 
 .text.__wrap___aeabi_i2d
                0x00000000100025d0       0x38 CMakeFiles/entropy.dir/home/stefan/pico/pico-sdk/src/rp2_common/pico_double/double_aeabi_rp2040.S.o
                0x00000000100025d0                __wrap___aeabi_ui2d
                0x00000000100025d8                __wrap___aeabi_i2d
 .text.__wrap___aeabi_d2iz
                0x0000000010002608       0x48 CMakeFiles/entropy.dir/home/stefan/pico/pico-sdk/src/rp2_common/pico_double/double_aeabi_rp2040.S.o
                0x0000000010002608                __wrap___aeabi_d2iz
                0x0000000010002608                double2int_z
 .text.__wrap___aeabi_d2uiz
                0x0000000010002650       0x10 CMakeFiles/entropy.dir/home/stefan/pico/pico-sdk/src/rp2_common/pico_double/double_aeabi_rp2040.S.o
                0x0000000010002650                double2uint
                0x0000000010002650                __wrap___aeabi_d2uiz
 .text.missing_double_func_shim
                0x0000000010002660        0xc CMakeFiles/entropy.dir/home/stefan/pico/pico-sdk/src/rp2_common/pico_double/double_init_rom_rp2040.c.o
 .text.__aeabi_double_init
                0x000000001000266c       0xcc CMakeFiles/entropy.dir/home/stefan/pico/pico-sdk/src/rp2_common/pico_double/double_init_rom_rp2040.c.o
                0x000000001000266c                __aeabi_double_init
 .text.double_table_shim_on_use_helper
                0x0000000010002738       0x34 CMakeFiles/entropy.dir/home/stefan/pico/pico-sdk/src/rp2_common/pico_double/double_v1_rom_shim_rp2040.S.o
                0x0000000010002738                double_table_shim_on_use_helper
 .text.__aeabi_lmul
                0x000000001000276c       0x32 CMakeFiles/entropy.dir/home/stefan/pico/pico-sdk/src/rp2_common/pico_int64_ops/pico_int64_ops_aeabi.S.o
                0x000000001000276c                __wrap___aeabi_lmul
 *fill*         0x000000001000279e        0x2 
 .text.missing_float_func_shim
                0x00000000100027a0        0xc CMakeFiles/entropy.dir/home/stefan/pico/pico-sdk/src/rp2_common/pico_float/float_init_rom_rp2040.c.o
 .text.__aeabi_float_init
                0x00000000100027ac       0x88 CMakeFiles/entropy.dir/home/stefan/pico/pico-sdk/src/rp2_common/pico_float/float_init_rom_rp2040.c.o
                0x00000000100027ac                __aeabi_float_init
 .text          0x0000000010002834       0x10 CMakeFiles/entropy.dir/home/stefan/pico/pico-sdk/src/rp2_common/pico_mem_ops/mem_ops_aeabi.S.o
                0x0000000010002834                __aeabi_mem_init
 .text.memset   0x0000000010002844        0xc CMakeFiles/entropy.dir/home/stefan/pico/pico-sdk/src/rp2_common/pico_mem_ops/mem_ops_aeabi.S.o
                0x0000000010002844                __wrap_memset
 .text.memcpy   0x0000000010002850        0xc CMakeFiles/entropy.dir/home/stefan/pico/pico-sdk/src/rp2_common/pico_mem_ops/mem_ops_aeabi.S.o
                0x0000000010002850                __wrap___aeabi_memcpy
                0x0000000010002850                __wrap_memcpy
 .text.__atomic_compare_exchange_8
                0x000000001000285c       0x5c CMakeFiles/entropy.dir/home/stefan/pico/pico-sdk/src/rp2_common/pico_atomic/atomic.c.o
                0x000000001000285c                __atomic_compare_exchange_8
 .text._out_null
                0x00000000100028b8        0x2 CMakeFiles/entropy.dir/home/stefan/pico/pico-sdk/src/rp2_common/pico_printf/printf.c.o
 .text._out_fct
                0x00000000100028ba        0xe CMakeFiles/entropy.dir/home/stefan/pico/pico-sdk/src/rp2_common/pico_printf/printf.c.o
 .text._atoi    0x00000000100028c8       0x24 CMakeFiles/entropy.dir/home/stefan/pico/pico-sdk/src/rp2_common/pico_printf/printf.c.o
 .text._out_rev
                0x00000000100028ec       0xae CMakeFiles/entropy.dir/home/stefan/pico/pico-sdk/src/rp2_common/pico_printf/printf.c.o
 .text._ntoa_format
                0x000000001000299a      0x112 CMakeFiles/entropy.dir/home/stefan/pico/pico-sdk/src/rp2_common/pico_printf/printf.c.o
 .text._ntoa_long
                0x0000000010002aac       0xbc CMakeFiles/entropy.dir/home/stefan/pico/pico-sdk/src/rp2_common/pico_printf/printf.c.o
 .text._ntoa_long_long
                0x0000000010002b68       0xe2 CMakeFiles/entropy.dir/home/stefan/pico/pico-sdk/src/rp2_common/pico_printf/printf.c.o
 *fill*         0x0000000010002c4a        0x2 
 .text._etoa    0x0000000010002c4c      0x414 CMakeFiles/entropy.dir/home/stefan/pico/pico-sdk/src/rp2_common/pico_printf/printf.c.o
 .text._ftoa    0x0000000010003060      0x354 CMakeFiles/entropy.dir/home/stefan/pico/pico-sdk/src/rp2_common/pico_printf/printf.c.o
 .text._vsnprintf
                0x00000000100033b4      0x624 CMakeFiles/entropy.dir/home/stefan/pico/pico-sdk/src/rp2_common/pico_printf/printf.c.o
 .text.vfctprintf
                0x00000000100039d8       0x20 CMakeFiles/entropy.dir/home/stefan/pico/pico-sdk/src/rp2_common/pico_printf/printf.c.o
                0x00000000100039d8                vfctprintf
 .text._exit    0x00000000100039f8        0x4 CMakeFiles/entropy.dir/home/stefan/pico/pico-sdk/src/rp2_common/pico_clib_interface/newlib_interface.c.o
                0x00000000100039f8                _exit
 .text.exit     0x00000000100039fc        0x6 CMakeFiles/entropy.dir/home/stefan/pico/pico-sdk/src/rp2_common/pico_clib_interface/newlib_interface.c.o
                0x00000000100039fc                exit
 *fill*         0x0000000010003a02        0x2 
 .text.__assert_func
                0x0000000010003a04       0x3c CMakeFiles/entropy.dir/home/stefan/pico/pico-sdk/src/rp2_common/pico_clib_interface/newlib_interface.c.o
                0x0000000010003a04                __assert_func
 .text.runtime_init
                0x0000000010003a40       0x28 CMakeFiles/entropy.dir/home/stefan/pico/pico-sdk/src/rp2_common/pico_clib_interface/newlib_interface.c.o
                0x0000000010003a40                runtime_init
 .text.stdio_out_chars_no_crlf
                0x0000000010003a68        0xe CMakeFiles/entropy.dir/home/stefan/pico/pico-sdk/src/rp2_common/pico_stdio/stdio.c.o
 *fill*         0x0000000010003a76        0x2 
 .text.stdio_out_chars_crlf
                0x0000000010003a78       0x80 CMakeFiles/entropy.dir/home/stefan/pico/pico-sdk/src/rp2_common/pico_stdio/stdio.c.o
 .text.stdio_stack_buffer_flush
                0x0000000010003af8       0x44 CMakeFiles/entropy.dir/home/stefan/pico/pico-sdk/src/rp2_common/pico_stdio/stdio.c.o
 .text.stdio_buffered_printer
                0x0000000010003b3c       0x20 CMakeFiles/entropy.dir/home/stefan/pico/pico-sdk/src/rp2_common/pico_stdio/stdio.c.o
 .text.stdout_serialize_begin
                0x0000000010003b5c       0x30 CMakeFiles/entropy.dir/home/stefan/pico/pico-sdk/src/rp2_common/pico_stdio/stdio.c.o
                0x0000000010003b5c                stdout_serialize_begin
 .text.stdout_serialize_end
                0x0000000010003b8c       0x10 CMakeFiles/entropy.dir/home/stefan/pico/pico-sdk/src/rp2_common/pico_stdio/stdio.c.o
                0x0000000010003b8c                stdout_serialize_end
 .text.stdio_put_string
                0x0000000010003b9c       0x94 CMakeFiles/entropy.dir/home/stefan/pico/pico-sdk/src/rp2_common/pico_stdio/stdio.c.o
                0x0000000010003b9c                stdio_put_string
 .text.stdio_set_driver_enabled
                0x0000000010003c30       0x2c CMakeFiles/entropy.dir/home/stefan/pico/pico-sdk/src/rp2_common/pico_stdio/stdio.c.o
                0x0000000010003c30                stdio_set_driver_enabled
 .text.stdio_flush
                0x0000000010003c5c       0x20 CMakeFiles/entropy.dir/home/stefan/pico/pico-sdk/src/rp2_common/pico_stdio/stdio.c.o
                0x0000000010003c5c                stdio_flush
 .text.stdio_init_all
                0x0000000010003c7c        0xa CMakeFiles/entropy.dir/home/stefan/pico/pico-sdk/src/rp2_common/pico_stdio/stdio.c.o
                0x0000000010003c7c                stdio_init_all
 .text.__wrap_puts
                0x0000000010003c86       0x1e CMakeFiles/entropy.dir/home/stefan/pico/pico-sdk/src/rp2_common/pico_stdio/stdio.c.o
                0x0000000010003c86                __wrap_puts
                0x0000000010003c86                stdio_puts
 .text.__wrap_vprintf
                0x0000000010003ca4       0x40 CMakeFiles/entropy.dir/home/stefan/pico/pico-sdk/src/rp2_common/pico_stdio/stdio.c.o
                0x0000000010003ca4                __wrap_vprintf
                0x0000000010003ca4                stdio_vprintf
 .text.__wrap_printf
                0x0000000010003ce4       0x18 CMakeFiles/entropy.dir/home/stefan/pico/pico-sdk/src/rp2_common/pico_stdio/stdio.c.o
                0x0000000010003ce4                stdio_printf
                0x0000000010003ce4                __wrap_printf
 .text.stdio_uart_out_chars
                0x0000000010003cfc       0x74 CMakeFiles/entropy.dir/home/stefan/pico/pico-sdk/src/rp2_common/pico_stdio_uart/stdio_uart.c.o
 .text.stdio_uart_in_chars
                0x0000000010003d70       0x80 CMakeFiles/entropy.dir/home/stefan/pico/pico-sdk/src/rp2_common/pico_stdio_uart/stdio_uart.c.o
                0x0000000010003d70                stdio_uart_in_chars
 .text.on_uart_rx
                0x0000000010003df0       0x28 CMakeFiles/entropy.dir/home/stefan/pico/pico-sdk/src/rp2_common/pico_stdio_uart/stdio_uart.c.o
 .text.stdio_uart_out_flush
                0x0000000010003e18       0x10 CMakeFiles/entropy.dir/home/stefan/pico/pico-sdk/src/rp2_common/pico_stdio_uart/stdio_uart.c.o
 .text.stdio_uart_set_chars_available_callback
                0x0000000010003e28       0x94 CMakeFiles/entropy.dir/home/stefan/pico/pico-sdk/src/rp2_common/pico_stdio_uart/stdio_uart.c.o
 .text.stdio_uart_init_full
                0x0000000010003ebc       0x44 CMakeFiles/entropy.dir/home/stefan/pico/pico-sdk/src/rp2_common/pico_stdio_uart/stdio_uart.c.o
                0x0000000010003ebc                stdio_uart_init_full
 .text.stdio_uart_init
                0x0000000010003f00       0x30 CMakeFiles/entropy.dir/home/stefan/pico/pico-sdk/src/rp2_common/pico_stdio_uart/stdio_uart.c.o
                0x0000000010003f00                stdio_uart_init
 .text.adc_init
                0x0000000010003f30       0x34 CMakeFiles/entropy.dir/home/stefan/pico/pico-sdk/src/rp2_common/hardware_adc/adc.c.o
                0x0000000010003f30                adc_init
 .text.core1_trampoline
                0x0000000010003f64        0x2 CMakeFiles/entropy.dir/home/stefan/pico/pico-sdk/src/rp2_common/pico_multicore/multicore.c.o
 .text.core1_wrapper
                0x0000000010003f66        0xc CMakeFiles/entropy.dir/home/stefan/pico/pico-sdk/src/rp2_common/pico_multicore/multicore.c.o
                0x0000000010003f66                core1_wrapper
 .text.multicore_fifo_push_blocking
                0x0000000010003f72       0x14 CMakeFiles/entropy.dir/home/stefan/pico/pico-sdk/src/rp2_common/pico_multicore/multicore.c.o
                0x0000000010003f72                multicore_fifo_push_blocking
 .text.multicore_fifo_pop_blocking
                0x0000000010003f86       0x16 CMakeFiles/entropy.dir/home/stefan/pico/pico-sdk/src/rp2_common/pico_multicore/multicore.c.o
                0x0000000010003f86                multicore_fifo_pop_blocking
 .text.multicore_launch_core1_raw
                0x0000000010003f9c       0x6e CMakeFiles/entropy.dir/home/stefan/pico/pico-sdk/src/rp2_common/pico_multicore/multicore.c.o
                0x0000000010003f9c                multicore_launch_core1_raw
 *fill*         0x000000001000400a        0x2 
 .text.multicore_launch_core1_with_stack
                0x000000001000400c       0x50 CMakeFiles/entropy.dir/home/stefan/pico/pico-sdk/src/rp2_common/pico_multicore/multicore.c.o
                0x000000001000400c                multicore_launch_core1_with_stack
 .text.multicore_launch_core1
                0x000000001000405c       0x24 CMakeFiles/entropy.dir/home/stefan/pico/pico-sdk/src/rp2_common/pico_multicore/multicore.c.o
                0x000000001000405c                multicore_launch_core1
 .text          0x0000000010004080       0x5c /usr/lib/gcc/arm-none-eabi/10.3.1/../../../arm-none-eabi/lib/thumb/v6-m/nofp/libg.a(lib_a-strlen-stub.o)
                0x0000000010004080                strlen
 *(.fini)
 .fini          0x00000000100040dc        0x4 /usr/lib/gcc/arm-none-eabi/10.3.1/thumb/v6-m/nofp/crti.o
                0x00000000100040dc                _fini
 .fini.__stub   0x00000000100040e0       0x40 linker stubs
 *crtbegin.o(.ctors)
 *crtbegin?.o(.ctors)
 *(EXCLUDE_FILE(*crtend.o *crtend?.o) .ctors)
 *(SORT_BY_NAME(.ctors.*))
 *(.ctors)
 *crtbegin.o(.dtors)
 *crtbegin?.o(.dtors)
 *(EXCLUDE_FILE(*crtend.o *crtend?.o) .dtors)
 *(SORT_BY_NAME(.dtors.*))
 *(.dtors)
                0x0000000010004120                . = ALIGN (0x4)
                0x0000000010004120                PROVIDE (__preinit_array_start = .)
 *(SORT_BY_NAME(.preinit_array.*))
 .preinit_array.00100
                0x0000000010004120        0x4 CMakeFiles/entropy.dir/home/stefan/pico/pico-sdk/src/rp2_common/pico_runtime_init/runtime_init.c.o
                0x0000000010004120                __pre_init_runtime_init_early_resets
 .preinit_array.00101
                0x0000000010004124        0x4 CMakeFiles/entropy.dir/home/stefan/pico/pico-sdk/src/rp2_common/pico_runtime_init/runtime_init.c.o
                0x0000000010004124                __pre_init_runtime_init_usb_power_down
 .preinit_array.00275
                0x0000000010004128        0x4 CMakeFiles/entropy.dir/home/stefan/pico/pico-sdk/src/rp2_common/pico_bit_ops/bit_ops_aeabi.S.o
 .preinit_array.00300
                0x000000001000412c        0x4 CMakeFiles/entropy.dir/home/stefan/pico/pico-sdk/src/rp2_common/pico_mem_ops/mem_ops_aeabi.S.o
 .preinit_array.00350
                0x0000000010004130        0x4 CMakeFiles/entropy.dir/home/stefan/pico/pico-sdk/src/rp2_common/pico_double/double_aeabi_rp2040.S.o
 .preinit_array.00350
                0x0000000010004134        0x4 CMakeFiles/entropy.dir/home/stefan/pico/pico-sdk/src/rp2_common/pico_float/float_aeabi_rp2040.S.o
 .preinit_array.00500
                0x0000000010004138        0x4 CMakeFiles/entropy.dir/home/stefan/pico/pico-sdk/src/rp2_common/pico_runtime_init/runtime_init.c.o
                0x0000000010004138                __pre_init_runtime_init_clocks
 .preinit_array.00600
                0x000000001000413c        0x4 CMakeFiles/entropy.dir/home/stefan/pico/pico-sdk/src/rp2_common/pico_runtime_init/runtime_init.c.o
                0x000000001000413c                __pre_init_runtime_init_post_clock_resets
 .preinit_array.00700
                0x0000000010004140        0x4 CMakeFiles/entropy.dir/home/stefan/pico/pico-sdk/src/rp2_common/pico_runtime_init/runtime_init.c.o
                0x0000000010004140                __pre_init_runtime_init_rp2040_gpio_ie_disable
 .preinit_array.01000
                0x0000000010004144        0x4 CMakeFiles/entropy.dir/home/stefan/pico/pico-sdk/src/rp2_common/pico_runtime_init/runtime_init.c.o
                0x0000000010004144                __pre_init_runtime_init_spin_locks_reset
 .preinit_array.01100
                0x0000000010004148        0x4 CMakeFiles/entropy.dir/home/stefan/pico/pico-sdk/src/common/pico_sync/mutex.c.o
                0x0000000010004148                __pre_init_runtime_init_mutex
 .preinit_array.10080
                0x000000001000414c        0x4 CMakeFiles/entropy.dir/home/stefan/pico/pico-sdk/src/rp2_common/pico_runtime_init/runtime_init.c.o
                0x000000001000414c                __pre_init_runtime_init_install_ram_vector_table
 .preinit_array.11000
                0x0000000010004150        0x4 CMakeFiles/entropy.dir/home/stefan/pico/pico-sdk/src/common/pico_time/time.c.o
                0x0000000010004150                __pre_init_runtime_init_default_alarm_pool
 .preinit_array.YYYYY
                0x0000000010004154        0x4 CMakeFiles/entropy.dir/home/stefan/pico/pico-sdk/src/rp2_common/pico_runtime/runtime.c.o
                0x0000000010004154                __pre_init_first_per_core_initializer
 .preinit_array.ZZZZZ.01200
                0x0000000010004158        0x4 CMakeFiles/entropy.dir/home/stefan/pico/pico-sdk/src/rp2_common/hardware_irq/irq.c.o
                0x0000000010004158                __pre_init_runtime_init_per_core_irq_priorities
 *(.preinit_array)
                0x000000001000415c                PROVIDE (__preinit_array_end = .)
                0x000000001000415c                . = ALIGN (0x4)
                0x000000001000415c                PROVIDE (__init_array_start = .)
 *(SORT_BY_NAME(.init_array.*))
 *(.init_array)
 .init_array    0x000000001000415c        0x4 /usr/lib/gcc/arm-none-eabi/10.3.1/thumb/v6-m/nofp/crtbegin.o
                0x0000000010004160                PROVIDE (__init_array_end = .)
                0x0000000010004160                . = ALIGN (0x4)
                0x0000000010004160                PROVIDE (__fini_array_start = .)
 *(SORT_BY_NAME(.fini_array.*))
 *(.fini_array)
                0x0000000010004160                PROVIDE (__fini_array_end = .)
 *(.eh_frame*)
 .eh_frame      0x0000000010004160        0x0 /usr/lib/gcc/arm-none-eabi/10.3.1/thumb/v6-m/nofp/crtbegin.o
                0x0000000010004160                . = ALIGN (0x4)

.glue_7         0x0000000010004160        0x0
 .glue_7        0x0000000010004160        0x0 linker stubs

.glue_7t        0x0000000010004160        0x0
 .glue_7t       0x0000000010004160        0x0 linker stubs

.vfp11_veneer   0x0000000010004160        0x0
 .vfp11_veneer  0x0000000010004160        0x0 linker stubs

.v4_bx          0x0000000010004160        0x0
 .v4_bx         0x0000000010004160        0x0 linker stubs

.iplt           0x0000000010004160        0x0
 .iplt          0x0000000010004160        0x0 /usr/lib/gcc/arm-none-eabi/10.3.1/thumb/v6-m/nofp/crtbegin.o

.rodata         0x0000000010004160      0xc0c
 *(EXCLUDE_FILE(*libm.a: *libc.a:*lib_a-mem*.o *libgcc.a:) .rodata*)
 .rodata.usb_start_transfer.str1.4
                0x0000000010004160       0x3c CMakeFiles/entropy.dir/usb_protocol.c.o
 .rodata.isr_irq5.str1.4
                0x000000001000419c       0x14 CMakeFiles/entropy.dir/usb_protocol.c.o
 .rodata.str1.4
                0x00000000100041b0       0x1e CMakeFiles/entropy.dir/usb_protocol.c.o
 *fill*         0x00000000100041ce        0x2 
 .rodata.__func__.0
                0x00000000100041d0       0x13 CMakeFiles/entropy.dir/usb_protocol.c.o
 *fill*         0x00000000100041e3        0x1 
 .rodata.config_descriptor
                0x00000000100041e4        0x9 CMakeFiles/entropy.dir/usb_protocol.c.o
 *fill*         0x00000000100041ed        0x3 
 .rodata.device_descriptor
                0x00000000100041f0       0x12 CMakeFiles/entropy.dir/usb_protocol.c.o
 *fill*         0x0000000010004202        0x2 
 .rodata.ep0_in
                0x0000000010004204        0x7 CMakeFiles/entropy.dir/usb_protocol.c.o
 *fill*         0x000000001000420b        0x1 
 .rodata.ep0_out
                0x000000001000420c        0x7 CMakeFiles/entropy.dir/usb_protocol.c.o
 *fill*         0x0000000010004213        0x1 
 .rodata.ep1_out
                0x0000000010004214        0x7 CMakeFiles/entropy.dir/usb_protocol.c.o
 *fill*         0x000000001000421b        0x1 
 .rodata.ep2_in
                0x000000001000421c        0x7 CMakeFiles/entropy.dir/usb_protocol.c.o
 *fill*         0x0000000010004223        0x1 
 .rodata.interface_descriptor
                0x0000000010004224        0x9 CMakeFiles/entropy.dir/usb_protocol.c.o
 *fill*         0x000000001000422d        0x3 
 .rodata.lang_descriptor
                0x0000000010004230        0x4 CMakeFiles/entropy.dir/usb_protocol.c.o
 .rodata.panic.str1.4
                0x0000000010004234       0x12 CMakeFiles/entropy.dir/home/stefan/pico/pico-sdk/src/rp2_common/pico_platform_panic/panic.c.o
 *fill*         0x0000000010004246        0x2 
 .rodata.make_j_16.str1.4
                0x0000000010004248       0x6d CMakeFiles/entropy.dir/home/stefan/pico/pico-sdk/src/rp2_common/hardware_irq/irq.c.o
 *fill*         0x00000000100042b5        0x3 
 .rodata.insert_bl_32.str1.4
                0x00000000100042b8       0x10 CMakeFiles/entropy.dir/home/stefan/pico/pico-sdk/src/rp2_common/hardware_irq/irq.c.o
 .rodata.irq_set_exclusive_handler.str1.4
                0x00000000100042c8       0x36 CMakeFiles/entropy.dir/home/stefan/pico/pico-sdk/src/rp2_common/hardware_irq/irq.c.o
 *fill*         0x00000000100042fe        0x2 
 .rodata.irq_add_shared_handler.str1.4
                0x0000000010004300       0xe9 CMakeFiles/entropy.dir/home/stefan/pico/pico-sdk/src/rp2_common/hardware_irq/irq.c.o
 *fill*         0x00000000100043e9        0x3 
 .rodata.irq_remove_handler.str1.4
                0x00000000100043ec       0x3a CMakeFiles/entropy.dir/home/stefan/pico/pico-sdk/src/rp2_common/hardware_irq/irq.c.o
 *fill*         0x0000000010004426        0x2 
 .rodata.irq_add_tail_to_free_list.str1.4
                0x0000000010004428       0x3a CMakeFiles/entropy.dir/home/stefan/pico/pico-sdk/src/rp2_common/hardware_irq/irq.c.o
 *fill*         0x0000000010004462        0x2 
 .rodata.__func__.0
                0x0000000010004464       0x1a CMakeFiles/entropy.dir/home/stefan/pico/pico-sdk/src/rp2_common/hardware_irq/irq.c.o
 *fill*         0x000000001000447e        0x2 
 .rodata.__func__.1
                0x0000000010004480        0xd CMakeFiles/entropy.dir/home/stefan/pico/pico-sdk/src/rp2_common/hardware_irq/irq.c.o
 *fill*         0x000000001000448d        0x3 
 .rodata.__func__.2
                0x0000000010004490       0x13 CMakeFiles/entropy.dir/home/stefan/pico/pico-sdk/src/rp2_common/hardware_irq/irq.c.o
 *fill*         0x00000000100044a3        0x1 
 .rodata.__func__.3
                0x00000000100044a4        0xa CMakeFiles/entropy.dir/home/stefan/pico/pico-sdk/src/rp2_common/hardware_irq/irq.c.o
 *fill*         0x00000000100044ae        0x2 
 .rodata.__func__.4
                0x00000000100044b0        0xd CMakeFiles/entropy.dir/home/stefan/pico/pico-sdk/src/rp2_common/hardware_irq/irq.c.o
 *fill*         0x00000000100044bd        0x3 
 .rodata.__func__.6
                0x00000000100044c0       0x1a CMakeFiles/entropy.dir/home/stefan/pico/pico-sdk/src/rp2_common/hardware_irq/irq.c.o
 *fill*         0x00000000100044da        0x2 
 .rodata.runtime_init_mutex.str1.4
                0x00000000100044dc       0x58 CMakeFiles/entropy.dir/home/stefan/pico/pico-sdk/src/common/pico_sync/mutex.c.o
 .rodata.str1.4
                0x0000000010004534       0x51 CMakeFiles/entropy.dir/home/stefan/pico/pico-sdk/src/common/pico_sync/mutex.c.o
 *fill*         0x0000000010004585        0x3 
 .rodata.__func__.1
                0x0000000010004588        0xb CMakeFiles/entropy.dir/home/stefan/pico/pico-sdk/src/common/pico_sync/mutex.c.o
 *fill*         0x0000000010004593        0x1 
 .rodata.__func__.3
                0x0000000010004594       0x18 CMakeFiles/entropy.dir/home/stefan/pico/pico-sdk/src/common/pico_sync/mutex.c.o
 .rodata.__func__.6
                0x00000000100045ac       0x13 CMakeFiles/entropy.dir/home/stefan/pico/pico-sdk/src/common/pico_sync/mutex.c.o
 *fill*         0x00000000100045bf        0x1 
 .rodata.alarm_pool_irq_handler.str1.4
                0x00000000100045c0       0x63 CMakeFiles/entropy.dir/home/stefan/pico/pico-sdk/src/common/pico_time/time.c.o
 *fill*         0x0000000010004623        0x1 
 .rodata.alarm_pool_get_default.str1.4
                0x0000000010004624       0x21 CMakeFiles/entropy.dir/home/stefan/pico/pico-sdk/src/common/pico_time/time.c.o
 *fill*         0x0000000010004645        0x3 
 .rodata.sleep_until.str1.4
                0x0000000010004648       0x4d CMakeFiles/entropy.dir/home/stefan/pico/pico-sdk/src/common/pico_time/time.c.o
 *fill*         0x0000000010004695        0x3 
 .rodata.__func__.1
                0x0000000010004698       0x17 CMakeFiles/entropy.dir/home/stefan/pico/pico-sdk/src/common/pico_time/time.c.o
 *fill*         0x00000000100046af        0x1 
 .rodata.__func__.2
                0x00000000100046b0       0x17 CMakeFiles/entropy.dir/home/stefan/pico/pico-sdk/src/common/pico_time/time.c.o
 *fill*         0x00000000100046c7        0x1 
 .rodata.timer_hardware_alarm_claim.str1.4
                0x00000000100046c8       0x22 CMakeFiles/entropy.dir/home/stefan/pico/pico-sdk/src/rp2_common/hardware_timer/timer.c.o
 *fill*         0x00000000100046ea        0x2 
 .rodata.pll_init.str1.4
                0x00000000100046ec      0x114 CMakeFiles/entropy.dir/home/stefan/pico/pico-sdk/src/rp2_common/hardware_pll/pll.c.o
 .rodata.__func__.0
                0x0000000010004800        0x9 CMakeFiles/entropy.dir/home/stefan/pico/pico-sdk/src/rp2_common/hardware_pll/pll.c.o
 *fill*         0x0000000010004809        0x3 
 .rodata.missing_double_func_shim.str1.4
                0x000000001000480c       0x18 CMakeFiles/entropy.dir/home/stefan/pico/pico-sdk/src/rp2_common/pico_double/double_init_rom_rp2040.c.o
 .rodata.__aeabi_double_init.str1.4
                0x0000000010004824       0x93 CMakeFiles/entropy.dir/home/stefan/pico/pico-sdk/src/rp2_common/pico_double/double_init_rom_rp2040.c.o
 *fill*         0x00000000100048b7        0x1 
 .rodata.__func__.0
                0x00000000100048b8       0x14 CMakeFiles/entropy.dir/home/stefan/pico/pico-sdk/src/rp2_common/pico_double/double_init_rom_rp2040.c.o
 .rodata.missing_float_func_shim.str1.4
                0x00000000100048cc       0x93 CMakeFiles/entropy.dir/home/stefan/pico/pico-sdk/src/rp2_common/pico_float/float_init_rom_rp2040.c.o
                                          0x1 (size before relaxing)
 .rodata.__aeabi_float_init.str1.4
                0x00000000100048cc       0x81 CMakeFiles/entropy.dir/home/stefan/pico/pico-sdk/src/rp2_common/pico_float/float_init_rom_rp2040.c.o
 *fill*         0x000000001000494d        0x3 
 .rodata.__func__.0
                0x0000000010004950       0x13 CMakeFiles/entropy.dir/home/stefan/pico/pico-sdk/src/rp2_common/pico_float/float_init_rom_rp2040.c.o
 *fill*         0x0000000010004963        0x1 
 .rodata.str1.4
                0x0000000010004964       0x3c CMakeFiles/entropy.dir/home/stefan/pico/pico-sdk/src/rp2_common/pico_standard_binary_info/standard_binary_info.c.o
 .rodata.__bi_26
                0x00000000100049a0        0xc CMakeFiles/entropy.dir/home/stefan/pico/pico-sdk/src/rp2_common/pico_standard_binary_info/standard_binary_info.c.o
 .rodata.__bi_34
                0x00000000100049ac        0xc CMakeFiles/entropy.dir/home/stefan/pico/pico-sdk/src/rp2_common/pico_standard_binary_info/standard_binary_info.c.o
 .rodata.__bi_42
                0x00000000100049b8        0xc CMakeFiles/entropy.dir/home/stefan/pico/pico-sdk/src/rp2_common/pico_standard_binary_info/standard_binary_info.c.o
 .rodata.__bi_48
                0x00000000100049c4        0xc CMakeFiles/entropy.dir/home/stefan/pico/pico-sdk/src/rp2_common/pico_standard_binary_info/standard_binary_info.c.o
 .rodata.__bi_54
                0x00000000100049d0        0xc CMakeFiles/entropy.dir/home/stefan/pico/pico-sdk/src/rp2_common/pico_standard_binary_info/standard_binary_info.c.o
 .rodata.__bi_78
                0x00000000100049dc        0xc CMakeFiles/entropy.dir/home/stefan/pico/pico-sdk/src/rp2_common/pico_standard_binary_info/standard_binary_info.c.o
 .rodata.__bi_84
                0x00000000100049e8        0xc CMakeFiles/entropy.dir/home/stefan/pico/pico-sdk/src/rp2_common/pico_standard_binary_info/standard_binary_info.c.o
 .rodata._ftoa.str1.4
                0x00000000100049f4       0x15 CMakeFiles/entropy.dir/home/stefan/pico/pico-sdk/src/rp2_common/pico_printf/printf.c.o
 *fill*         0x0000000010004a09        0x3 
 .rodata._vsnprintf
                0x0000000010004a0c      0x1e0 CMakeFiles/entropy.dir/home/stefan/pico/pico-sdk/src/rp2_common/pico_printf/printf.c.o
 *fill*         0x0000000010004bec        0x4 
 .rodata.pow10.0
                0x0000000010004bf0       0x50 CMakeFiles/entropy.dir/home/stefan/pico/pico-sdk/src/rp2_common/pico_printf/printf.c.o
 .rodata.__assert_func.str1.4
                0x0000000010004c40       0x3f CMakeFiles/entropy.dir/home/stefan/pico/pico-sdk/src/rp2_common/pico_clib_interface/newlib_interface.c.o
                                         0x43 (size before relaxing)
 *fill*         0x0000000010004c7f        0x1 
 .rodata.crlf_str.0
                0x0000000010004c80        0x2 CMakeFiles/entropy.dir/home/stefan/pico/pico-sdk/src/rp2_common/pico_stdio/stdio.c.o
 *fill*         0x0000000010004c82        0x2 
 .rodata.str1.4
                0x0000000010004c84       0x2c CMakeFiles/entropy.dir/home/stefan/pico/pico-sdk/src/rp2_common/pico_stdio_uart/stdio_uart.c.o
 .rodata.__bi_45.4
                0x0000000010004cb0        0xc CMakeFiles/entropy.dir/home/stefan/pico/pico-sdk/src/rp2_common/pico_stdio_uart/stdio_uart.c.o
 .rodata.__bi_49.5
                0x0000000010004cbc        0x8 CMakeFiles/entropy.dir/home/stefan/pico/pico-sdk/src/rp2_common/pico_stdio_uart/stdio_uart.c.o
 .rodata.__bi_50.6
                0x0000000010004cc4        0x8 CMakeFiles/entropy.dir/home/stefan/pico/pico-sdk/src/rp2_common/pico_stdio_uart/stdio_uart.c.o
 .rodata.multicore_lockout_start_block_until.str1.4
                0x0000000010004ccc       0x5d CMakeFiles/entropy.dir/home/stefan/pico/pico-sdk/src/rp2_common/pico_multicore/multicore.c.o
 *fill*         0x0000000010004d29        0x3 
 .rodata.multicore_launch_core1_with_stack.str1.4
                0x0000000010004d2c       0x19 CMakeFiles/entropy.dir/home/stefan/pico/pico-sdk/src/rp2_common/pico_multicore/multicore.c.o
 *fill*         0x0000000010004d45        0x3 
 .rodata.__func__.2
                0x0000000010004d48       0x22 CMakeFiles/entropy.dir/home/stefan/pico/pico-sdk/src/rp2_common/pico_multicore/multicore.c.o
                0x0000000010004d6c                . = ALIGN (0x4)
 *fill*         0x0000000010004d6a        0x2 
 *(SORT_BY_ALIGNMENT(SORT_BY_NAME(.flashdata*)))
                0x0000000010004d6c                . = ALIGN (0x4)

.ARM.extab
 *(.ARM.extab* .gnu.linkonce.armextab.*)
                0x0000000010004d6c                __exidx_start = .

.ARM.exidx
 *(.ARM.exidx* .gnu.linkonce.armexidx.*)
                0x0000000010004d6c                __exidx_end = .
                0x0000000010004d6c                . = ALIGN (0x4)
                0x0000000010004d6c                __binary_info_start = .

.binary_info    0x0000000010004d6c       0x28
 *(.binary_info.keep.*)
 .binary_info.keep.__bi_ptr26
                0x0000000010004d6c        0x4 CMakeFiles/entropy.dir/home/stefan/pico/pico-sdk/src/rp2_common/pico_standard_binary_info/standard_binary_info.c.o
 .binary_info.keep.__bi_ptr34
                0x0000000010004d70        0x4 CMakeFiles/entropy.dir/home/stefan/pico/pico-sdk/src/rp2_common/pico_standard_binary_info/standard_binary_info.c.o
 .binary_info.keep.__bi_ptr42
                0x0000000010004d74        0x4 CMakeFiles/entropy.dir/home/stefan/pico/pico-sdk/src/rp2_common/pico_standard_binary_info/standard_binary_info.c.o
 .binary_info.keep.__bi_ptr48
                0x0000000010004d78        0x4 CMakeFiles/entropy.dir/home/stefan/pico/pico-sdk/src/rp2_common/pico_standard_binary_info/standard_binary_info.c.o
 .binary_info.keep.__bi_ptr54
                0x0000000010004d7c        0x4 CMakeFiles/entropy.dir/home/stefan/pico/pico-sdk/src/rp2_common/pico_standard_binary_info/standard_binary_info.c.o
 .binary_info.keep.__bi_ptr78
                0x0000000010004d80        0x4 CMakeFiles/entropy.dir/home/stefan/pico/pico-sdk/src/rp2_common/pico_standard_binary_info/standard_binary_info.c.o
 .binary_info.keep.__bi_ptr84
                0x0000000010004d84        0x4 CMakeFiles/entropy.dir/home/stefan/pico/pico-sdk/src/rp2_common/pico_standard_binary_info/standard_binary_info.c.o
 *(.binary_info.*)
 .binary_info.__bi_ptr45
                0x0000000010004d88        0x4 CMakeFiles/entropy.dir/home/stefan/pico/pico-sdk/src/rp2_common/pico_stdio_uart/stdio_uart.c.o
 .binary_info.__bi_ptr49
                0x0000000010004d8c        0x4 CMakeFiles/entropy.dir/home/stefan/pico/pico-sdk/src/rp2_common/pico_stdio_uart/stdio_uart.c.o
 .binary_info.__bi_ptr50
                0x0000000010004d90        0x4 CMakeFiles/entropy.dir/home/stefan/pico/pico-sdk/src/rp2_common/pico_stdio_uart/stdio_uart.c.o
                0x0000000010004d94                __binary_info_end = .

.rel.dyn        0x0000000010004d94        0x0
 .rel.iplt      0x0000000010004d94        0x0 /usr/lib/gcc/arm-none-eabi/10.3.1/thumb/v6-m/nofp/crtbegin.o
                0x0000000010004d94                . = ALIGN (0x4)

.ram_vector_table
                0x0000000020000000       0xc0
 *(.ram_vector_table)
 .ram_vector_table
                0x0000000020000000       0xc0 CMakeFiles/entropy.dir/home/stefan/pico/pico-sdk/src/rp2_common/pico_runtime_init/runtime_init.c.o
                0x0000000020000000                ram_vector_table

.uninitialized_data
                0x00000000200000c0        0x0
                0x00000000200000c0                . = ALIGN (0x4)
 *(.uninitialized_data*)

.data           0x00000000200000c0      0x3d8 load address 0x0000000010004d94
                0x00000000200000c0                __data_start__ = .
 *(vtable)
 *(.time_critical*)
 .time_critical.mutex_try_enter
                0x00000000200000c0       0x46 CMakeFiles/entropy.dir/home/stefan/pico/pico-sdk/src/common/pico_sync/mutex.c.o
                0x00000000200000c0                mutex_try_enter
 *fill*         0x0000000020000106        0x2 
 .time_critical.mutex_enter_block_until
                0x0000000020000108       0x8c CMakeFiles/entropy.dir/home/stefan/pico/pico-sdk/src/common/pico_sync/mutex.c.o
                0x0000000020000108                mutex_enter_block_until
 .time_critical.mutex_try_enter_block_until
                0x0000000020000194       0x34 CMakeFiles/entropy.dir/home/stefan/pico/pico-sdk/src/common/pico_sync/mutex.c.o
                0x0000000020000194                mutex_try_enter_block_until
 .time_critical.mutex_exit
                0x00000000200001c8       0x4c CMakeFiles/entropy.dir/home/stefan/pico/pico-sdk/src/common/pico_sync/mutex.c.o
                0x00000000200001c8                mutex_exit
 *(.text*)
 .text          0x0000000020000214        0x4 /usr/lib/gcc/arm-none-eabi/10.3.1/thumb/v6-m/nofp/libgcc.a(_dvmd_tls.o)
                0x0000000020000214                __aeabi_ldiv0
                0x0000000020000214                __aeabi_idiv0
 .text.__stub   0x0000000020000218       0x20 linker stubs
                0x0000000020000238                . = ALIGN (0x4)
 *(.rodata*)
                0x0000000020000238                . = ALIGN (0x4)
 *(.data*)
 .data.descriptor_strings
                0x0000000020000238        0x8 CMakeFiles/entropy.dir/usb_protocol.c.o
                0x0000000020000238                descriptor_strings
 .data.dev_config
                0x0000000020000240      0x194 CMakeFiles/entropy.dir/usb_protocol.c.o
 *fill*         0x00000000200003d4        0x4 
 .data.queue    0x00000000200003d8        0x8 CMakeFiles/entropy.dir/queue.c.o
 .data.striped_spin_lock_num
                0x00000000200003e0        0x1 CMakeFiles/entropy.dir/home/stefan/pico/pico-sdk/src/rp2_common/hardware_sync/sync.c.o
 *fill*         0x00000000200003e1        0x3 
 .data          0x00000000200003e4       0x48 CMakeFiles/entropy.dir/home/stefan/pico/pico-sdk/src/rp2_common/hardware_irq/irq_handler_chain.S.o
                0x00000000200003e4                irq_handler_chain_slots
                0x0000000020000414                irq_handler_chain_first_slot
                0x000000002000041e                irq_handler_chain_remove_tail
 .data.default_alarm_pool
                0x000000002000042c       0x18 CMakeFiles/entropy.dir/home/stefan/pico/pico-sdk/src/common/pico_time/time.c.o
 *fill*         0x0000000020000444        0xc 
 .data.aeabi_bits_funcs
                0x0000000020000450       0x10 CMakeFiles/entropy.dir/home/stefan/pico/pico-sdk/src/rp2_common/pico_bit_ops/bit_ops_aeabi.S.o
                0x0000000020000450                aeabi_bits_funcs
                0x0000000020000460                aeabi_bits_funcs_end
 .data.aeabi_mem_funcs
                0x0000000020000460       0x10 CMakeFiles/entropy.dir/home/stefan/pico/pico-sdk/src/rp2_common/pico_mem_ops/mem_ops_aeabi.S.o
                0x0000000020000460                aeabi_mem_funcs
                0x0000000020000470                aeabi_mem_funcs_end
 .data.stdio_uart
                0x0000000020000470       0x18 CMakeFiles/entropy.dir/home/stefan/pico/pico-sdk/src/rp2_common/pico_stdio_uart/stdio_uart.c.o
                0x0000000020000470                stdio_uart
                0x0000000020000488                . = ALIGN (0x4)
 *(.after_data.*)
                0x0000000020000488                . = ALIGN (0x4)
                0x0000000020000488                PROVIDE (__mutex_array_start = .)
 *(SORT_BY_NAME(.mutex_array.*))
 *(.mutex_array)
 .mutex_array   0x0000000020000488        0x8 CMakeFiles/entropy.dir/home/stefan/pico/pico-sdk/src/rp2_common/pico_malloc/malloc.c.o
 .mutex_array   0x0000000020000490        0x8 CMakeFiles/entropy.dir/home/stefan/pico/pico-sdk/src/rp2_common/pico_stdio/stdio.c.o
                0x0000000020000498                PROVIDE (__mutex_array_end = .)
                0x0000000020000498                . = ALIGN (0x4)
 *(.jcr)
                0x0000000020000498                . = ALIGN (0x4)

.tm_clone_table
                0x0000000020000498        0x0 load address 0x000000001000516c
 .tm_clone_table
                0x0000000020000498        0x0 /usr/lib/gcc/arm-none-eabi/10.3.1/thumb/v6-m/nofp/crtbegin.o
 .tm_clone_table
                0x0000000020000498        0x0 /usr/lib/gcc/arm-none-eabi/10.3.1/thumb/v6-m/nofp/crtend.o

.igot.plt       0x0000000020000498        0x0 load address 0x000000001000516c
 .igot.plt      0x0000000020000498        0x0 /usr/lib/gcc/arm-none-eabi/10.3.1/thumb/v6-m/nofp/crtbegin.o

.tdata          0x0000000020000498        0x0 load address 0x000000001000516c
                0x0000000020000498                . = ALIGN (0x4)
 *(.tdata .tdata.* .gnu.linkonce.td.*)
                0x0000000020000498                __tdata_end = .
                0x0000000020000498                PROVIDE (__data_end__ = .)
                0x0000000010004d94                __etext = LOADADDR (.data)

.tbss           0x0000000020000498        0x0 load address 0x000000001000516c
                0x0000000020000498                . = ALIGN (0x4)
                0x0000000020000498                __bss_start__ = .
                0x0000000020000498                __tls_base = .
 *(.tbss .tbss.* .gnu.linkonce.tb.*)
 *(.tcommon)
                0x0000000020000498                __tls_end = .

.bss            0x0000000020000498    0x2043c load address 0x000000001000516c
                0x0000000020000498                . = ALIGN (0x4)
                0x0000000020000498                __tbss_end = .
 *(SORT_BY_ALIGNMENT(SORT_BY_NAME(.bss*)))
 .bss.default_alarm_pool_entries
                0x0000000020000498      0x180 CMakeFiles/entropy.dir/home/stefan/pico/pico-sdk/src/common/pico_time/time.c.o
 .bss           0x0000000020000618       0x1c /usr/lib/gcc/arm-none-eabi/10.3.1/thumb/v6-m/nofp/crtbegin.o
 .bss.buf       0x0000000020000634    0x20000 CMakeFiles/entropy.dir/queue.c.o
 .bss.chars_available_callback
                0x0000000020020634        0x4 CMakeFiles/entropy.dir/home/stefan/pico/pico-sdk/src/rp2_common/pico_stdio_uart/stdio_uart.c.o
 .bss.chars_available_param
                0x0000000020020638        0x4 CMakeFiles/entropy.dir/home/stefan/pico/pico-sdk/src/rp2_common/pico_stdio_uart/stdio_uart.c.o
 .bss.claimed   0x000000002002063c        0x1 CMakeFiles/entropy.dir/home/stefan/pico/pico-sdk/src/rp2_common/hardware_timer/timer.c.o
 *fill*         0x000000002002063d        0x3 
 .bss.configured_freq
                0x0000000020020640       0x28 CMakeFiles/entropy.dir/home/stefan/pico/pico-sdk/src/rp2_common/hardware_clocks/clocks.c.o
 .bss.drivers   0x0000000020020668        0x4 CMakeFiles/entropy.dir/home/stefan/pico/pico-sdk/src/rp2_common/pico_stdio/stdio.c.o
 .bss.ep0_buf   0x000000002002066c       0x40 CMakeFiles/entropy.dir/usb_protocol.c.o
 .bss.filter    0x00000000200206ac        0x4 CMakeFiles/entropy.dir/home/stefan/pico/pico-sdk/src/rp2_common/pico_stdio/stdio.c.o
 .bss.pools     0x00000000200206b0       0x10 CMakeFiles/entropy.dir/home/stefan/pico/pico-sdk/src/common/pico_time/time.c.o
 .bss.sd_table  0x00000000200206c0      0x100 CMakeFiles/entropy.dir/home/stefan/pico/pico-sdk/src/rp2_common/pico_double/double_init_rom_rp2040.c.o
                0x00000000200206c0                sd_table
 .bss.sf_clz_func
                0x00000000200207c0        0x4 CMakeFiles/entropy.dir/home/stefan/pico/pico-sdk/src/rp2_common/pico_double/double_init_rom_rp2040.c.o
                0x00000000200207c0                sf_clz_func
 .bss.sf_table  0x00000000200207c4      0x100 CMakeFiles/entropy.dir/home/stefan/pico/pico-sdk/src/rp2_common/pico_float/float_init_rom_rp2040.c.o
                0x00000000200207c4                sf_table
 .bss.sleep_notifier
                0x00000000200208c4        0x4 CMakeFiles/entropy.dir/home/stefan/pico/pico-sdk/src/common/pico_time/time.c.o
 .bss.uart_char_to_line_feed
                0x00000000200208c8        0x4 CMakeFiles/entropy.dir/home/stefan/pico/pico-sdk/src/rp2_common/hardware_uart/uart.c.o
                0x00000000200208c8                uart_char_to_line_feed
 .bss.uart_instance
                0x00000000200208cc        0x4 CMakeFiles/entropy.dir/home/stefan/pico/pico-sdk/src/rp2_common/pico_stdio_uart/stdio_uart.c.o
 .bss.configured
                0x00000000200208d0        0x1 CMakeFiles/entropy.dir/usb_protocol.c.o
                0x00000000200208d0                configured
 .bss.dev_addr  0x00000000200208d1        0x1 CMakeFiles/entropy.dir/usb_protocol.c.o
 .bss.irq_handler_chain_free_slot_head
                0x00000000200208d2        0x1 CMakeFiles/entropy.dir/home/stefan/pico/pico-sdk/src/rp2_common/hardware_irq/irq.c.o
 .bss.should_set_address
                0x00000000200208d3        0x1 CMakeFiles/entropy.dir/usb_protocol.c.o
 *(COMMON)
                0x00000000200208d4                . = ALIGN (0x4)
                0x00000000200208d4                __bss_end__ = .

.heap           0x00000000200208d4      0x800 load address 0x000000001000516c
                0x00000000200208d4                __end__ = .
                0x00000000200208d4                end = __end__
 *(.heap*)
 .heap          0x00000000200208d4      0x800 CMakeFiles/entropy.dir/home/stefan/pico/pico-sdk/src/rp2_common/pico_crt0/crt0.S.o
                0x0000000020040000                __HeapLimit = (ORIGIN (RAM) + LENGTH (RAM))

.scratch_x      0x0000000020040000        0x0 load address 0x000000001000516c
                0x0000000020040000                __scratch_x_start__ = .
 *(.scratch_x.*)
                0x0000000020040000                . = ALIGN (0x4)
                0x0000000020040000                __scratch_x_end__ = .
                0x000000001000516c                __scratch_x_source__ = LOADADDR (.scratch_x)

.scratch_y      0x0000000020041000        0x0 load address 0x000000001000516c
                0x0000000020041000                __scratch_y_start__ = .
 *(.scratch_y.*)
                0x0000000020041000                . = ALIGN (0x4)
                0x0000000020041000                __scratch_y_end__ = .
                0x000000001000516c                __scratch_y_source__ = LOADADDR (.scratch_y)

.stack1_dummy   0x0000000020040000      0x800
 *(.stack1*)
 .stack1        0x0000000020040000      0x800 CMakeFiles/entropy.dir/home/stefan/pico/pico-sdk/src/rp2_common/pico_multicore/multicore.c.o

.stack_dummy    0x0000000020041000      0x800
 *(.stack*)
 .stack         0x0000000020041000      0x800 CMakeFiles/entropy.dir/home/stefan/pico/pico-sdk/src/rp2_common/pico_crt0/crt0.S.o

.flash_end      0x000000001000516c        0x0
 *(.embedded_end_block*)
                0x000000001000516c                PROVIDE (__flash_binary_end = .)
                0x0000000020040000                __StackLimit = (ORIGIN (RAM) + LENGTH (RAM))
                0x0000000020041000                __StackOneTop = (ORIGIN (SCRATCH_X) + LENGTH (SCRATCH_X))
                0x0000000020042000                __StackTop = (ORIGIN (SCRATCH_Y) + LENGTH (SCRATCH_Y))
                0x0000000020040800                __StackOneBottom = (__StackOneTop - SIZEOF (.stack1_dummy))
                0x0000000020041800                __StackBottom = (__StackTop - SIZEOF (.stack_dummy))
                0x0000000020042000                PROVIDE (__stack = __StackTop)
                [!provide]                        PROVIDE (__heap_start = __end__)
                [!provide]                        PROVIDE (__heap_end = __HeapLimit)
                [!provide]                        PROVIDE (__tls_align = MAX (ALIGNOF (.tdata), ALIGNOF (.tbss)))
                [!provide]                        PROVIDE (__tls_size_align = (((__tls_size + __tls_align) - 0x1) & ~ ((__tls_align - 0x1))))
                [!provide]                        PROVIDE (__arm32_tls_tcb_offset = MAX (0x8, __tls_align))
                [!provide]                        PROVIDE (_end = __end__)
                [!provide]                        PROVIDE (__llvm_libc_heap_limit = __HeapLimit)
                0x0000000000000001                ASSERT ((__StackLimit >= __HeapLimit), region RAM overflowed)
                0x0000000000000001                ASSERT (((__binary_info_header_end - __logical_binary_start) <= 0x100), Binary info must be in first 256 bytes of the binary)
LOAD CMakeFiles/entropy.dir/dev_lowlevel.c.o
LOAD CMakeFiles/entropy.dir/usb_protocol.c.o
LOAD CMakeFiles/entropy.dir/queue.c.o
LOAD CMakeFiles/entropy.dir/home/stefan/pico/pico-sdk/src/rp2_common/pico_stdlib/stdlib.c.o
LOAD CMakeFiles/entropy.dir/home/stefan/pico/pico-sdk/src/rp2_common/hardware_gpio/gpio.c.o
LOAD CMakeFiles/entropy.dir/home/stefan/pico/pico-sdk/src/rp2040/pico_platform/platform.c.o
LOAD CMakeFiles/entropy.dir/home/stefan/pico/pico-sdk/src/rp2_common/pico_platform_panic/panic.c.o
LOAD CMakeFiles/entropy.dir/home/stefan/pico/pico-sdk/src/common/hardware_claim/claim.c.o
LOAD CMakeFiles/entropy.dir/home/stefan/pico/pico-sdk/src/rp2_common/hardware_sync/sync.c.o
LOAD CMakeFiles/entropy.dir/home/stefan/pico/pico-sdk/src/rp2_common/hardware_sync_spin_lock/sync_spin_lock.c.o
LOAD CMakeFiles/entropy.dir/home/stefan/pico/pico-sdk/src/rp2_common/hardware_irq/irq.c.o
LOAD CMakeFiles/entropy.dir/home/stefan/pico/pico-sdk/src/rp2_common/hardware_irq/irq_handler_chain.S.o
LOAD CMakeFiles/entropy.dir/home/stefan/pico/pico-sdk/src/common/pico_sync/sem.c.o
LOAD CMakeFiles/entropy.dir/home/stefan/pico/pico-sdk/src/common/pico_sync/lock_core.c.o
LOAD CMakeFiles/entropy.dir/home/stefan/pico/pico-sdk/src/common/pico_sync/mutex.c.o
LOAD CMakeFiles/entropy.dir/home/stefan/pico/pico-sdk/src/common/pico_sync/critical_section.c.o
LOAD CMakeFiles/entropy.dir/home/stefan/pico/pico-sdk/src/common/pico_time/time.c.o
LOAD CMakeFiles/entropy.dir/home/stefan/pico/pico-sdk/src/common/pico_time/timeout_helper.c.o
LOAD CMakeFiles/entropy.dir/home/stefan/pico/pico-sdk/src/rp2_common/hardware_timer/timer.c.o
LOAD CMakeFiles/entropy.dir/home/stefan/pico/pico-sdk/src/common/pico_util/datetime.c.o
LOAD CMakeFiles/entropy.dir/home/stefan/pico/pico-sdk/src/common/pico_util/pheap.c.o
LOAD CMakeFiles/entropy.dir/home/stefan/pico/pico-sdk/src/common/pico_util/queue.c.o
LOAD CMakeFiles/entropy.dir/home/stefan/pico/pico-sdk/src/rp2_common/hardware_uart/uart.c.o
LOAD CMakeFiles/entropy.dir/home/stefan/pico/pico-sdk/src/rp2_common/hardware_clocks/clocks.c.o
LOAD CMakeFiles/entropy.dir/home/stefan/pico/pico-sdk/src/rp2_common/hardware_pll/pll.c.o
LOAD CMakeFiles/entropy.dir/home/stefan/pico/pico-sdk/src/rp2_common/hardware_vreg/vreg.c.o
LOAD CMakeFiles/entropy.dir/home/stefan/pico/pico-sdk/src/rp2_common/hardware_watchdog/watchdog.c.o
LOAD CMakeFiles/entropy.dir/home/stefan/pico/pico-sdk/src/rp2_common/hardware_ticks/ticks.c.o
LOAD CMakeFiles/entropy.dir/home/stefan/pico/pico-sdk/src/rp2_common/pico_bootrom/bootrom.c.o
LOAD CMakeFiles/entropy.dir/home/stefan/pico/pico-sdk/src/rp2_common/pico_bootrom/bootrom_lock.c.o
LOAD CMakeFiles/entropy.dir/home/stefan/pico/pico-sdk/src/rp2_common/hardware_boot_lock/boot_lock.c.o
LOAD CMakeFiles/entropy.dir/home/stefan/pico/pico-sdk/src/rp2_common/pico_flash/flash.c.o
LOAD CMakeFiles/entropy.dir/home/stefan/pico/pico-sdk/src/rp2_common/hardware_xosc/xosc.c.o
LOAD CMakeFiles/entropy.dir/home/stefan/pico/pico-sdk/src/rp2_common/hardware_divider/divider.S.o
LOAD CMakeFiles/entropy.dir/home/stefan/pico/pico-sdk/src/rp2_common/pico_runtime/runtime.c.o
LOAD CMakeFiles/entropy.dir/home/stefan/pico/pico-sdk/src/rp2_common/pico_runtime_init/runtime_init.c.o
LOAD CMakeFiles/entropy.dir/home/stefan/pico/pico-sdk/src/rp2_common/pico_runtime_init/runtime_init_clocks.c.o
LOAD CMakeFiles/entropy.dir/home/stefan/pico/pico-sdk/src/rp2_common/pico_runtime_init/runtime_init_stack_guard.c.o
LOAD CMakeFiles/entropy.dir/home/stefan/pico/pico-sdk/src/rp2_common/pico_bit_ops/bit_ops_aeabi.S.o
LOAD CMakeFiles/entropy.dir/home/stefan/pico/pico-sdk/src/rp2_common/pico_divider/divider_hardware.S.o
LOAD CMakeFiles/entropy.dir/home/stefan/pico/pico-sdk/src/rp2_common/pico_double/double_aeabi_rp2040.S.o
LOAD CMakeFiles/entropy.dir/home/stefan/pico/pico-sdk/src/rp2_common/pico_double/double_init_rom_rp2040.c.o
LOAD CMakeFiles/entropy.dir/home/stefan/pico/pico-sdk/src/rp2_common/pico_double/double_math.c.o
LOAD CMakeFiles/entropy.dir/home/stefan/pico/pico-sdk/src/rp2_common/pico_double/double_v1_rom_shim_rp2040.S.o
LOAD CMakeFiles/entropy.dir/home/stefan/pico/pico-sdk/src/rp2_common/pico_int64_ops/pico_int64_ops_aeabi.S.o
LOAD CMakeFiles/entropy.dir/home/stefan/pico/pico-sdk/src/rp2_common/pico_float/float_aeabi_rp2040.S.o
LOAD CMakeFiles/entropy.dir/home/stefan/pico/pico-sdk/src/rp2_common/pico_float/float_init_rom_rp2040.c.o
LOAD CMakeFiles/entropy.dir/home/stefan/pico/pico-sdk/src/rp2_common/pico_float/float_math.c.o
LOAD CMakeFiles/entropy.dir/home/stefan/pico/pico-sdk/src/rp2_common/pico_float/float_v1_rom_shim_rp2040.S.o
LOAD CMakeFiles/entropy.dir/home/stefan/pico/pico-sdk/src/rp2_common/pico_malloc/malloc.c.o
LOAD CMakeFiles/entropy.dir/home/stefan/pico/pico-sdk/src/rp2_common/pico_mem_ops/mem_ops_aeabi.S.o
LOAD CMakeFiles/entropy.dir/home/stefan/pico/pico-sdk/src/rp2_common/pico_atomic/atomic.c.o
LOAD CMakeFiles/entropy.dir/home/stefan/pico/pico-sdk/src/rp2_common/pico_cxx_options/new_delete.cpp.o
LOAD CMakeFiles/entropy.dir/home/stefan/pico/pico-sdk/src/rp2_common/pico_standard_binary_info/standard_binary_info.c.o
LOAD CMakeFiles/entropy.dir/home/stefan/pico/pico-sdk/src/rp2_common/pico_printf/printf.c.o
LOAD CMakeFiles/entropy.dir/home/stefan/pico/pico-sdk/src/rp2_common/pico_crt0/crt0.S.o
LOAD CMakeFiles/entropy.dir/home/stefan/pico/pico-sdk/src/rp2_common/pico_clib_interface/newlib_interface.c.o
LOAD CMakeFiles/entropy.dir/home/stefan/pico/pico-sdk/src/rp2_common/pico_stdio/stdio.c.o
LOAD CMakeFiles/entropy.dir/home/stefan/pico/pico-sdk/src/rp2_common/pico_stdio_uart/stdio_uart.c.o
LOAD CMakeFiles/entropy.dir/home/stefan/pico/pico-sdk/src/rp2_common/hardware_adc/adc.c.o
LOAD CMakeFiles/entropy.dir/home/stefan/pico/pico-sdk/src/rp2_common/pico_multicore/multicore.c.o
LOAD pico-sdk/src/rp2040/boot_stage2/CMakeFiles/bs2_default_library.dir/bs2_default_padded_checksummed.S.o
LOAD /usr/lib/gcc/arm-none-eabi/10.3.1/../../../arm-none-eabi/lib/thumb/v6-m/nofp/libstdc++.a
LOAD /usr/lib/gcc/arm-none-eabi/10.3.1/../../../arm-none-eabi/lib/thumb/v6-m/nofp/libm.a
START GROUP
LOAD /usr/lib/gcc/arm-none-eabi/10.3.1/thumb/v6-m/nofp/libgcc.a
LOAD /usr/lib/gcc/arm-none-eabi/10.3.1/../../../arm-none-eabi/lib/thumb/v6-m/nofp/libg.a
LOAD /usr/lib/gcc/arm-none-eabi/10.3.1/../../../arm-none-eabi/lib/thumb/v6-m/nofp/libc.a
END GROUP
START GROUP
LOAD /usr/lib/gcc/arm-none-eabi/10.3.1/thumb/v6-m/nofp/libgcc.a
LOAD /usr/lib/gcc/arm-none-eabi/10.3.1/../../../arm-none-eabi/lib/thumb/v6-m/nofp/libc.a
LOAD /usr/lib/gcc/arm-none-eabi/10.3.1/../../../arm-none-eabi/lib/thumb/v6-m/nofp/libnosys.a
END GROUP
LOAD /usr/lib/gcc/arm-none-eabi/10.3.1/thumb/v6-m/nofp/crtend.o
LOAD /usr/lib/gcc/arm-none-eabi/10.3.1/thumb/v6-m/nofp/crtn.o
OUTPUT(entropy.elf elf32-littlearm)
LOAD linker stubs

.ARM.attributes
                0x0000000000000000       0x28
 .ARM.attributes
                0x0000000000000000       0x1e /usr/lib/gcc/arm-none-eabi/10.3.1/thumb/v6-m/nofp/crti.o
 .ARM.attributes
                0x000000000000001e       0x2c /usr/lib/gcc/arm-none-eabi/10.3.1/thumb/v6-m/nofp/crtbegin.o
 .ARM.attributes
                0x000000000000004a       0x2c CMakeFiles/entropy.dir/dev_lowlevel.c.o
 .ARM.attributes
                0x0000000000000076       0x2c CMakeFiles/entropy.dir/usb_protocol.c.o
 .ARM.attributes
                0x00000000000000a2       0x2c CMakeFiles/entropy.dir/queue.c.o
 .ARM.attributes
                0x00000000000000ce       0x2c CMakeFiles/entropy.dir/home/stefan/pico/pico-sdk/src/rp2_common/hardware_gpio/gpio.c.o
 .ARM.attributes
                0x00000000000000fa       0x2c CMakeFiles/entropy.dir/home/stefan/pico/pico-sdk/src/rp2_common/pico_platform_panic/panic.c.o
 .ARM.attributes
                0x0000000000000126       0x2c CMakeFiles/entropy.dir/home/stefan/pico/pico-sdk/src/common/hardware_claim/claim.c.o
 .ARM.attributes
                0x0000000000000152       0x2c CMakeFiles/entropy.dir/home/stefan/pico/pico-sdk/src/rp2_common/hardware_sync/sync.c.o
 .ARM.attributes
                0x000000000000017e       0x2c CMakeFiles/entropy.dir/home/stefan/pico/pico-sdk/src/rp2_common/hardware_sync_spin_lock/sync_spin_lock.c.o
 .ARM.attributes
                0x00000000000001aa       0x2c CMakeFiles/entropy.dir/home/stefan/pico/pico-sdk/src/rp2_common/hardware_irq/irq.c.o
 .ARM.attributes
                0x00000000000001d6       0x22 CMakeFiles/entropy.dir/home/stefan/pico/pico-sdk/src/rp2_common/hardware_irq/irq_handler_chain.S.o
 .ARM.attributes
                0x00000000000001f8       0x2c CMakeFiles/entropy.dir/home/stefan/pico/pico-sdk/src/common/pico_sync/lock_core.c.o
 .ARM.attributes
                0x0000000000000224       0x2c CMakeFiles/entropy.dir/home/stefan/pico/pico-sdk/src/common/pico_sync/mutex.c.o
 .ARM.attributes
                0x0000000000000250       0x2c CMakeFiles/entropy.dir/home/stefan/pico/pico-sdk/src/common/pico_time/time.c.o
 .ARM.attributes
                0x000000000000027c       0x2c CMakeFiles/entropy.dir/home/stefan/pico/pico-sdk/src/rp2_common/hardware_timer/timer.c.o
 .ARM.attributes
                0x00000000000002a8       0x2c CMakeFiles/entropy.dir/home/stefan/pico/pico-sdk/src/rp2_common/hardware_uart/uart.c.o
 .ARM.attributes
                0x00000000000002d4       0x2c CMakeFiles/entropy.dir/home/stefan/pico/pico-sdk/src/rp2_common/hardware_clocks/clocks.c.o
 .ARM.attributes
                0x0000000000000300       0x2c CMakeFiles/entropy.dir/home/stefan/pico/pico-sdk/src/rp2_common/hardware_pll/pll.c.o
 .ARM.attributes
                0x000000000000032c       0x2c CMakeFiles/entropy.dir/home/stefan/pico/pico-sdk/src/rp2_common/hardware_ticks/ticks.c.o
 .ARM.attributes
                0x0000000000000358       0x2c CMakeFiles/entropy.dir/home/stefan/pico/pico-sdk/src/rp2_common/pico_bootrom/bootrom.c.o
 .ARM.attributes
                0x0000000000000384       0x2c CMakeFiles/entropy.dir/home/stefan/pico/pico-sdk/src/rp2_common/hardware_xosc/xosc.c.o
 .ARM.attributes
                0x00000000000003b0       0x2c CMakeFiles/entropy.dir/home/stefan/pico/pico-sdk/src/rp2_common/pico_runtime/runtime.c.o
 .ARM.attributes
                0x00000000000003dc       0x2c CMakeFiles/entropy.dir/home/stefan/pico/pico-sdk/src/rp2_common/pico_runtime_init/runtime_init.c.o
 .ARM.attributes
                0x0000000000000408       0x2c CMakeFiles/entropy.dir/home/stefan/pico/pico-sdk/src/rp2_common/pico_runtime_init/runtime_init_clocks.c.o
 .ARM.attributes
                0x0000000000000434       0x22 CMakeFiles/entropy.dir/home/stefan/pico/pico-sdk/src/rp2_common/pico_bit_ops/bit_ops_aeabi.S.o
 .ARM.attributes
                0x0000000000000456       0x22 CMakeFiles/entropy.dir/home/stefan/pico/pico-sdk/src/rp2_common/pico_divider/divider_hardware.S.o
 .ARM.attributes
                0x0000000000000478       0x22 CMakeFiles/entropy.dir/home/stefan/pico/pico-sdk/src/rp2_common/pico_double/double_aeabi_rp2040.S.o
 .ARM.attributes
                0x000000000000049a       0x2c CMakeFiles/entropy.dir/home/stefan/pico/pico-sdk/src/rp2_common/pico_double/double_init_rom_rp2040.c.o
 .ARM.attributes
                0x00000000000004c6       0x22 CMakeFiles/entropy.dir/home/stefan/pico/pico-sdk/src/rp2_common/pico_double/double_v1_rom_shim_rp2040.S.o
 .ARM.attributes
                0x00000000000004e8       0x22 CMakeFiles/entropy.dir/home/stefan/pico/pico-sdk/src/rp2_common/pico_int64_ops/pico_int64_ops_aeabi.S.o
 .ARM.attributes
                0x000000000000050a       0x22 CMakeFiles/entropy.dir/home/stefan/pico/pico-sdk/src/rp2_common/pico_float/float_aeabi_rp2040.S.o
 .ARM.attributes
                0x000000000000052c       0x2c CMakeFiles/entropy.dir/home/stefan/pico/pico-sdk/src/rp2_common/pico_float/float_init_rom_rp2040.c.o
 .ARM.attributes
                0x0000000000000558       0x2c CMakeFiles/entropy.dir/home/stefan/pico/pico-sdk/src/rp2_common/pico_malloc/malloc.c.o
 .ARM.attributes
                0x0000000000000584       0x22 CMakeFiles/entropy.dir/home/stefan/pico/pico-sdk/src/rp2_common/pico_mem_ops/mem_ops_aeabi.S.o
 .ARM.attributes
                0x00000000000005a6       0x2c CMakeFiles/entropy.dir/home/stefan/pico/pico-sdk/src/rp2_common/pico_atomic/atomic.c.o
 .ARM.attributes
                0x00000000000005d2       0x32 CMakeFiles/entropy.dir/home/stefan/pico/pico-sdk/src/rp2_common/pico_standard_binary_info/standard_binary_info.c.o
 .ARM.attributes
                0x0000000000000604       0x2c CMakeFiles/entropy.dir/home/stefan/pico/pico-sdk/src/rp2_common/pico_printf/printf.c.o
 .ARM.attributes
                0x0000000000000630       0x22 CMakeFiles/entropy.dir/home/stefan/pico/pico-sdk/src/rp2_common/pico_crt0/crt0.S.o
 .ARM.attributes
                0x0000000000000652       0x2c CMakeFiles/entropy.dir/home/stefan/pico/pico-sdk/src/rp2_common/pico_clib_interface/newlib_interface.c.o
 .ARM.attributes
                0x000000000000067e       0x2c CMakeFiles/entropy.dir/home/stefan/pico/pico-sdk/src/rp2_common/pico_stdio/stdio.c.o
 .ARM.attributes
                0x00000000000006aa       0x2c CMakeFiles/entropy.dir/home/stefan/pico/pico-sdk/src/rp2_common/pico_stdio_uart/stdio_uart.c.o
 .ARM.attributes
                0x00000000000006d6       0x2c CMakeFiles/entropy.dir/home/stefan/pico/pico-sdk/src/rp2_common/hardware_adc/adc.c.o
 .ARM.attributes
                0x0000000000000702       0x2c CMakeFiles/entropy.dir/home/stefan/pico/pico-sdk/src/rp2_common/pico_multicore/multicore.c.o
 .ARM.attributes
                0x000000000000072e       0x22 pico-sdk/src/rp2040/boot_stage2/CMakeFiles/bs2_default_library.dir/bs2_default_padded_checksummed.S.o
 .ARM.attributes
                0x0000000000000750       0x1e /usr/lib/gcc/arm-none-eabi/10.3.1/thumb/v6-m/nofp/libgcc.a(_dvmd_tls.o)
 .ARM.attributes
                0x000000000000076e       0x2c /usr/lib/gcc/arm-none-eabi/10.3.1/../../../arm-none-eabi/lib/thumb/v6-m/nofp/libg.a(lib_a-strlen-stub.o)
 .ARM.attributes
                0x000000000000079a       0x2c /usr/lib/gcc/arm-none-eabi/10.3.1/thumb/v6-m/nofp/crtend.o

.comment        0x0000000000000000       0x33
 .comment       0x0000000000000000       0x33 /usr/lib/gcc/arm-none-eabi/10.3.1/thumb/v6-m/nofp/crtbegin.o
                                         0x34 (size before relaxing)
 .comment       0x0000000000000033       0x34 CMakeFiles/entropy.dir/dev_lowlevel.c.o
 .comment       0x0000000000000033       0x34 CMakeFiles/entropy.dir/usb_protocol.c.o
 .comment       0x0000000000000033       0x34 CMakeFiles/entropy.dir/queue.c.o
 .comment       0x0000000000000033       0x34 CMakeFiles/entropy.dir/home/stefan/pico/pico-sdk/src/rp2_common/hardware_gpio/gpio.c.o
 .comment       0x0000000000000033       0x34 CMakeFiles/entropy.dir/home/stefan/pico/pico-sdk/src/rp2_common/pico_platform_panic/panic.c.o
 .comment       0x0000000000000033       0x34 CMakeFiles/entropy.dir/home/stefan/pico/pico-sdk/src/common/hardware_claim/claim.c.o
 .comment       0x0000000000000033       0x34 CMakeFiles/entropy.dir/home/stefan/pico/pico-sdk/src/rp2_common/hardware_sync/sync.c.o
 .comment       0x0000000000000033       0x34 CMakeFiles/entropy.dir/home/stefan/pico/pico-sdk/src/rp2_common/hardware_sync_spin_lock/sync_spin_lock.c.o
 .comment       0x0000000000000033       0x34 CMakeFiles/entropy.dir/home/stefan/pico/pico-sdk/src/rp2_common/hardware_irq/irq.c.o
 .comment       0x0000000000000033       0x34 CMakeFiles/entropy.dir/home/stefan/pico/pico-sdk/src/common/pico_sync/lock_core.c.o
 .comment       0x0000000000000033       0x34 CMakeFiles/entropy.dir/home/stefan/pico/pico-sdk/src/common/pico_sync/mutex.c.o
 .comment       0x0000000000000033       0x34 CMakeFiles/entropy.dir/home/stefan/pico/pico-sdk/src/common/pico_time/time.c.o
 .comment       0x0000000000000033       0x34 CMakeFiles/entropy.dir/home/stefan/pico/pico-sdk/src/rp2_common/hardware_timer/timer.c.o
 .comment       0x0000000000000033       0x34 CMakeFiles/entropy.dir/home/stefan/pico/pico-sdk/src/rp2_common/hardware_uart/uart.c.o
 .comment       0x0000000000000033       0x34 CMakeFiles/entropy.dir/home/stefan/pico/pico-sdk/src/rp2_common/hardware_clocks/clocks.c.o
 .comment       0x0000000000000033       0x34 CMakeFiles/entropy.dir/home/stefan/pico/pico-sdk/src/rp2_common/hardware_pll/pll.c.o
 .comment       0x0000000000000033       0x34 CMakeFiles/entropy.dir/home/stefan/pico/pico-sdk/src/rp2_common/hardware_ticks/ticks.c.o
 .comment       0x0000000000000033       0x34 CMakeFiles/entropy.dir/home/stefan/pico/pico-sdk/src/rp2_common/pico_bootrom/bootrom.c.o
 .comment       0x0000000000000033       0x34 CMakeFiles/entropy.dir/home/stefan/pico/pico-sdk/src/rp2_common/hardware_xosc/xosc.c.o
 .comment       0x0000000000000033       0x34 CMakeFiles/entropy.dir/home/stefan/pico/pico-sdk/src/rp2_common/pico_runtime/runtime.c.o
 .comment       0x0000000000000033       0x34 CMakeFiles/entropy.dir/home/stefan/pico/pico-sdk/src/rp2_common/pico_runtime_init/runtime_init.c.o
 .comment       0x0000000000000033       0x34 CMakeFiles/entropy.dir/home/stefan/pico/pico-sdk/src/rp2_common/pico_runtime_init/runtime_init_clocks.c.o
 .comment       0x0000000000000033       0x34 CMakeFiles/entropy.dir/home/stefan/pico/pico-sdk/src/rp2_common/pico_double/double_init_rom_rp2040.c.o
 .comment       0x0000000000000033       0x34 CMakeFiles/entropy.dir/home/stefan/pico/pico-sdk/src/rp2_common/pico_float/float_init_rom_rp2040.c.o
 .comment       0x0000000000000033       0x34 CMakeFiles/entropy.dir/home/stefan/pico/pico-sdk/src/rp2_common/pico_malloc/malloc.c.o
 .comment       0x0000000000000033       0x34 CMakeFiles/entropy.dir/home/stefan/pico/pico-sdk/src/rp2_common/pico_atomic/atomic.c.o
 .comment       0x0000000000000033       0x34 CMakeFiles/entropy.dir/home/stefan/pico/pico-sdk/src/rp2_common/pico_standard_binary_info/standard_binary_info.c.o
 .comment       0x0000000000000033       0x34 CMakeFiles/entropy.dir/home/stefan/pico/pico-sdk/src/rp2_common/pico_printf/printf.c.o
 .comment       0x0000000000000033       0x34 CMakeFiles/entropy.dir/home/stefan/pico/pico-sdk/src/rp2_common/pico_clib_interface/newlib_interface.c.o
 .comment       0x0000000000000033       0x34 CMakeFiles/entropy.dir/home/stefan/pico/pico-sdk/src/rp2_common/pico_stdio/stdio.c.o